Archive member included to satisfy reference by file (symbol)

C:/ST/STM32CubeIDE_1.7.0/STM32CubeIDE/plugins/com.st.stm32cube.ide.mcu.externaltools.gnu-tools-for-stm32.12.3.rel1.win32_1.0.100.202403111256/tools/bin/../lib/gcc/arm-none-eabi/12.3.1/../../../../arm-none-eabi/lib/thumb/v7e-m+fp/hard\libc_nano.a(libc_a-exit.o)
                              C:/ST/STM32CubeIDE_1.7.0/STM32CubeIDE/plugins/com.st.stm32cube.ide.mcu.externaltools.gnu-tools-for-stm32.12.3.rel1.win32_1.0.100.202403111256/tools/bin/../lib/gcc/arm-none-eabi/12.3.1/../../../../arm-none-eabi/lib/thumb/v7e-m+fp/hard/crt0.o (exit)
C:/ST/STM32CubeIDE_1.7.0/STM32CubeIDE/plugins/com.st.stm32cube.ide.mcu.externaltools.gnu-tools-for-stm32.12.3.rel1.win32_1.0.100.202403111256/tools/bin/../lib/gcc/arm-none-eabi/12.3.1/../../../../arm-none-eabi/lib/thumb/v7e-m+fp/hard\libc_nano.a(libc_a-malloc.o)
                              ./Core/Src/leaderboard.o (malloc)
C:/ST/STM32CubeIDE_1.7.0/STM32CubeIDE/plugins/com.st.stm32cube.ide.mcu.externaltools.gnu-tools-for-stm32.12.3.rel1.win32_1.0.100.202403111256/tools/bin/../lib/gcc/arm-none-eabi/12.3.1/../../../../arm-none-eabi/lib/thumb/v7e-m+fp/hard\libc_nano.a(libc_a-mallocr.o)
                              C:/ST/STM32CubeIDE_1.7.0/STM32CubeIDE/plugins/com.st.stm32cube.ide.mcu.externaltools.gnu-tools-for-stm32.12.3.rel1.win32_1.0.100.202403111256/tools/bin/../lib/gcc/arm-none-eabi/12.3.1/../../../../arm-none-eabi/lib/thumb/v7e-m+fp/hard\libc_nano.a(libc_a-malloc.o) (_malloc_r)
C:/ST/STM32CubeIDE_1.7.0/STM32CubeIDE/plugins/com.st.stm32cube.ide.mcu.externaltools.gnu-tools-for-stm32.12.3.rel1.win32_1.0.100.202403111256/tools/bin/../lib/gcc/arm-none-eabi/12.3.1/../../../../arm-none-eabi/lib/thumb/v7e-m+fp/hard\libc_nano.a(libc_a-mlock.o)
                              C:/ST/STM32CubeIDE_1.7.0/STM32CubeIDE/plugins/com.st.stm32cube.ide.mcu.externaltools.gnu-tools-for-stm32.12.3.rel1.win32_1.0.100.202403111256/tools/bin/../lib/gcc/arm-none-eabi/12.3.1/../../../../arm-none-eabi/lib/thumb/v7e-m+fp/hard\libc_nano.a(libc_a-mallocr.o) (__malloc_lock)
C:/ST/STM32CubeIDE_1.7.0/STM32CubeIDE/plugins/com.st.stm32cube.ide.mcu.externaltools.gnu-tools-for-stm32.12.3.rel1.win32_1.0.100.202403111256/tools/bin/../lib/gcc/arm-none-eabi/12.3.1/../../../../arm-none-eabi/lib/thumb/v7e-m+fp/hard\libc_nano.a(libc_a-rand.o)
                              ./Core/Src/snake.o (rand)
C:/ST/STM32CubeIDE_1.7.0/STM32CubeIDE/plugins/com.st.stm32cube.ide.mcu.externaltools.gnu-tools-for-stm32.12.3.rel1.win32_1.0.100.202403111256/tools/bin/../lib/gcc/arm-none-eabi/12.3.1/../../../../arm-none-eabi/lib/thumb/v7e-m+fp/hard\libc_nano.a(libc_a-findfp.o)
                              C:/ST/STM32CubeIDE_1.7.0/STM32CubeIDE/plugins/com.st.stm32cube.ide.mcu.externaltools.gnu-tools-for-stm32.12.3.rel1.win32_1.0.100.202403111256/tools/bin/../lib/gcc/arm-none-eabi/12.3.1/../../../../arm-none-eabi/lib/thumb/v7e-m+fp/hard\libc_nano.a(libc_a-exit.o) (__stdio_exit_handler)
C:/ST/STM32CubeIDE_1.7.0/STM32CubeIDE/plugins/com.st.stm32cube.ide.mcu.externaltools.gnu-tools-for-stm32.12.3.rel1.win32_1.0.100.202403111256/tools/bin/../lib/gcc/arm-none-eabi/12.3.1/../../../../arm-none-eabi/lib/thumb/v7e-m+fp/hard\libc_nano.a(libc_a-fwalk.o)
                              C:/ST/STM32CubeIDE_1.7.0/STM32CubeIDE/plugins/com.st.stm32cube.ide.mcu.externaltools.gnu-tools-for-stm32.12.3.rel1.win32_1.0.100.202403111256/tools/bin/../lib/gcc/arm-none-eabi/12.3.1/../../../../arm-none-eabi/lib/thumb/v7e-m+fp/hard\libc_nano.a(libc_a-findfp.o) (_fwalk_sglue)
C:/ST/STM32CubeIDE_1.7.0/STM32CubeIDE/plugins/com.st.stm32cube.ide.mcu.externaltools.gnu-tools-for-stm32.12.3.rel1.win32_1.0.100.202403111256/tools/bin/../lib/gcc/arm-none-eabi/12.3.1/../../../../arm-none-eabi/lib/thumb/v7e-m+fp/hard\libc_nano.a(libc_a-sprintf.o)
                              ./Core/Src/fsm.o (sprintf)
C:/ST/STM32CubeIDE_1.7.0/STM32CubeIDE/plugins/com.st.stm32cube.ide.mcu.externaltools.gnu-tools-for-stm32.12.3.rel1.win32_1.0.100.202403111256/tools/bin/../lib/gcc/arm-none-eabi/12.3.1/../../../../arm-none-eabi/lib/thumb/v7e-m+fp/hard\libc_nano.a(libc_a-stdio.o)
                              C:/ST/STM32CubeIDE_1.7.0/STM32CubeIDE/plugins/com.st.stm32cube.ide.mcu.externaltools.gnu-tools-for-stm32.12.3.rel1.win32_1.0.100.202403111256/tools/bin/../lib/gcc/arm-none-eabi/12.3.1/../../../../arm-none-eabi/lib/thumb/v7e-m+fp/hard\libc_nano.a(libc_a-findfp.o) (__sread)
C:/ST/STM32CubeIDE_1.7.0/STM32CubeIDE/plugins/com.st.stm32cube.ide.mcu.externaltools.gnu-tools-for-stm32.12.3.rel1.win32_1.0.100.202403111256/tools/bin/../lib/gcc/arm-none-eabi/12.3.1/../../../../arm-none-eabi/lib/thumb/v7e-m+fp/hard\libc_nano.a(libc_a-memset.o)
                              C:/ST/STM32CubeIDE_1.7.0/STM32CubeIDE/plugins/com.st.stm32cube.ide.mcu.externaltools.gnu-tools-for-stm32.12.3.rel1.win32_1.0.100.202403111256/tools/bin/../lib/gcc/arm-none-eabi/12.3.1/../../../../arm-none-eabi/lib/thumb/v7e-m+fp/hard/crt0.o (memset)
[...]
Memory Configuration

Name             Origin             Length             Attributes
CCMRAM           0x10000000         0x00010000         xrw
RAM              0x20000000         0x00020000         xrw
FLASH            0x08000000         0x00100000         xr
*default*        0x00000000         0xffffffff

Linker script and memory map

LOAD C:/ST/STM32CubeIDE_1.7.0/STM32CubeIDE/plugins/com.st.stm32cube.ide.mcu.externaltools.gnu-tools-for-stm32.12.3.rel1.win32_1.0.100.202403111256/tools/bin/../lib/gcc/arm-none-eabi/12.3.1/thumb/v7e-m+fp/hard/crti.o
LOAD C:/ST/STM32CubeIDE_1.7.0/STM32CubeIDE/plugins/com.st.stm32cube.ide.mcu.externaltools.gnu-tools-for-stm32.12.3.rel1.win32_1.0.100.202403111256/tools/bin/../lib/gcc/arm-none-eabi/12.3.1/thumb/v7e-m+fp/hard/crtbegin.o
LOAD C:/ST/STM32CubeIDE_1.7.0/STM32CubeIDE/plugins/com.st.stm32cube.ide.mcu.externaltools.gnu-tools-for-stm32.12.3.rel1.win32_1.0.100.202403111256/tools/bin/../lib/gcc/arm-none-eabi/12.3.1/../../../../arm-none-eabi/lib/thumb/v7e-m+fp/hard/crt0.o
LOAD ./Core/Src/adc.o
LOAD ./Core/Src/at24c.o
LOAD ./Core/Src/button.o
LOAD ./Core/Src/buzzer.o
LOAD ./Core/Src/dma.o
LOAD ./Core/Src/ds3231.o
LOAD ./Core/Src/fsm.o
LOAD ./Core/Src/fsmc.o
LOAD ./Core/Src/gpio.o
LOAD ./Core/Src/i2c.o
LOAD ./Core/Src/lcd.o
LOAD ./Core/Src/leaderboard.o
LOAD ./Core/Src/led_7seg.o
LOAD ./Core/Src/main.o
LOAD ./Core/Src/picture.o
LOAD ./Core/Src/screen.o
LOAD ./Core/Src/sensor.o
LOAD ./Core/Src/snake.o
LOAD ./Core/Src/software_timer.o
LOAD ./Core/Src/spi.o
LOAD ./Core/Src/stm32f4xx_hal_msp.o
LOAD ./Core/Src/stm32f4xx_it.o
LOAD ./Core/Src/syscalls.o
LOAD ./Core/Src/sysmem.o
LOAD ./Core/Src/system_stm32f4xx.o
LOAD ./Core/Src/tim.o
LOAD ./Core/Src/touch.o
LOAD ./Core/Src/touch_screen.o
LOAD ./Core/Src/uart.o
LOAD ./Core/Src/usart.o
LOAD ./Core/Src/utils.o
LOAD ./Core/Startup/startup_stm32f407zetx.o
LOAD ./Drivers/STM32F4xx_HAL_Driver/Src/stm32f4xx_hal.o
LOAD ./Drivers/STM32F4xx_HAL_Driver/Src/stm32f4xx_hal_adc.o
LOAD ./Drivers/STM32F4xx_HAL_Driver/Src/stm32f4xx_hal_adc_ex.o
LOAD ./Drivers/STM32F4xx_HAL_Driver/Src/stm32f4xx_hal_cortex.o
LOAD ./Drivers/STM32F4xx_HAL_Driver/Src/stm32f4xx_hal_dma.o
LOAD ./Drivers/STM32F4xx_HAL_Driver/Src/stm32f4xx_hal_dma_ex.o
LOAD ./Drivers/STM32F4xx_HAL_Driver/Src/stm32f4xx_hal_exti.o
LOAD ./Drivers/STM32F4xx_HAL_Driver/Src/stm32f4xx_hal_flash.o
LOAD ./Drivers/STM32F4xx_HAL_Driver/Src/stm32f4xx_hal_flash_ex.o
LOAD ./Drivers/STM32F4xx_HAL_Driver/Src/stm32f4xx_hal_flash_ramfunc.o
LOAD ./Drivers/STM32F4xx_HAL_Driver/Src/stm32f4xx_hal_gpio.o
LOAD ./Drivers/STM32F4xx_HAL_Driver/Src/stm32f4xx_hal_i2c.o
LOAD ./Drivers/STM32F4xx_HAL_Driver/Src/stm32f4xx_hal_i2c_ex.o
LOAD ./Drivers/STM32F4xx_HAL_Driver/Src/stm32f4xx_hal_pwr.o
LOAD ./Drivers/STM32F4xx_HAL_Driver/Src/stm32f4xx_hal_pwr_ex.o
LOAD ./Drivers/STM32F4xx_HAL_Driver/Src/stm32f4xx_hal_rcc.o
LOAD ./Drivers/STM32F4xx_HAL_Driver/Src/stm32f4xx_hal_rcc_ex.o
LOAD ./Drivers/STM32F4xx_HAL_Driver/Src/stm32f4xx_hal_spi.o
LOAD ./Drivers/STM32F4xx_HAL_Driver/Src/stm32f4xx_hal_sram.o
LOAD ./Drivers/STM32F4xx_HAL_Driver/Src/stm32f4xx_hal_tim.o
LOAD ./Drivers/STM32F4xx_HAL_Driver/Src/stm32f4xx_hal_tim_ex.o
LOAD ./Drivers/STM32F4xx_HAL_Driver/Src/stm32f4xx_hal_uart.o
LOAD ./Drivers/STM32F4xx_HAL_Driver/Src/stm32f4xx_ll_adc.o
LOAD ./Drivers/STM32F4xx_HAL_Driver/Src/stm32f4xx_ll_fsmc.o
START GROUP
LOAD C:/ST/STM32CubeIDE_1.7.0/STM32CubeIDE/plugins/com.st.stm32cube.ide.mcu.externaltools.gnu-tools-for-stm32.12.3.rel1.win32_1.0.100.202403111256/tools/bin/../lib/gcc/arm-none-eabi/12.3.1/../../../../arm-none-eabi/lib/thumb/v7e-m+fp/hard\libc_nano.a
LOAD C:/ST/STM32CubeIDE_1.7.0/STM32CubeIDE/plugins/com.st.stm32cube.ide.mcu.externaltools.gnu-tools-for-stm32.12.3.rel1.win32_1.0.100.202403111256/tools/bin/../lib/gcc/arm-none-eabi/12.3.1/../../../../arm-none-eabi/lib/thumb/v7e-m+fp/hard\libm.a
END GROUP
START GROUP
LOAD C:/ST/STM32CubeIDE_1.7.0/STM32CubeIDE/plugins/com.st.stm32cube.ide.mcu.externaltools.gnu-tools-for-stm32.12.3.rel1.win32_1.0.100.202403111256/tools/bin/../lib/gcc/arm-none-eabi/12.3.1/thumb/v7e-m+fp/hard\libgcc.a
LOAD C:/ST/STM32CubeIDE_1.7.0/STM32CubeIDE/plugins/com.st.stm32cube.ide.mcu.externaltools.gnu-tools-for-stm32.12.3.rel1.win32_1.0.100.202403111256/tools/bin/../lib/gcc/arm-none-eabi/12.3.1/../../../../arm-none-eabi/lib/thumb/v7e-m+fp/hard\libc_nano.a
END GROUP
START GROUP
LOAD C:/ST/STM32CubeIDE_1.7.0/STM32CubeIDE/plugins/com.st.stm32cube.ide.mcu.externaltools.gnu-tools-for-stm32.12.3.rel1.win32_1.0.100.202403111256/tools/bin/../lib/gcc/arm-none-eabi/12.3.1/thumb/v7e-m+fp/hard\libgcc.a
LOAD C:/ST/STM32CubeIDE_1.7.0/STM32CubeIDE/plugins/com.st.stm32cube.ide.mcu.externaltools.gnu-tools-for-stm32.12.3.rel1.win32_1.0.100.202403111256/tools/bin/../lib/gcc/arm-none-eabi/12.3.1/../../../../arm-none-eabi/lib/thumb/v7e-m+fp/hard\libc_nano.a
LOAD C:/ST/STM32CubeIDE_1.7.0/STM32CubeIDE/plugins/com.st.stm32cube.ide.mcu.externaltools.gnu-tools-for-stm32.12.3.rel1.win32_1.0.100.202403111256/tools/bin/../lib/gcc/arm-none-eabi/12.3.1/../../../../arm-none-eabi/lib/thumb/v7e-m+fp/hard\libnosys.a
END GROUP
START GROUP
LOAD C:/ST/STM32CubeIDE_1.7.0/STM32CubeIDE/plugins/com.st.stm32cube.ide.mcu.externaltools.gnu-tools-for-stm32.12.3.rel1.win32_1.0.100.202403111256/tools/bin/../lib/gcc/arm-none-eabi/12.3.1/thumb/v7e-m+fp/hard\libgcc.a
LOAD C:/ST/STM32CubeIDE_1.7.0/STM32CubeIDE/plugins/com.st.stm32cube.ide.mcu.externaltools.gnu-tools-for-stm32.12.3.rel1.win32_1.0.100.202403111256/tools/bin/../lib/gcc/arm-none-eabi/12.3.1/../../../../arm-none-eabi/lib/thumb/v7e-m+fp/hard\libc_nano.a
LOAD C:/ST/STM32CubeIDE_1.7.0/STM32CubeIDE/plugins/com.st.stm32cube.ide.mcu.externaltools.gnu-tools-for-stm32.12.3.rel1.win32_1.0.100.202403111256/tools/bin/../lib/gcc/arm-none-eabi/12.3.1/../../../../arm-none-eabi/lib/thumb/v7e-m+fp/hard\libnosys.a
END GROUP
LOAD C:/ST/STM32CubeIDE_1.7.0/STM32CubeIDE/plugins/com.st.stm32cube.ide.mcu.externaltools.gnu-tools-for-stm32.12.3.rel1.win32_1.0.100.202403111256/tools/bin/../lib/gcc/arm-none-eabi/12.3.1/thumb/v7e-m+fp/hard/crtend.o
LOAD C:/ST/STM32CubeIDE_1.7.0/STM32CubeIDE/plugins/com.st.stm32cube.ide.mcu.externaltools.gnu-tools-for-stm32.12.3.rel1.win32_1.0.100.202403111256/tools/bin/../lib/gcc/arm-none-eabi/12.3.1/thumb/v7e-m+fp/hard/crtn.o
                0x20020000                        _estack = (ORIGIN (RAM) + LENGTH (RAM))
                0x00000200                        _Min_Heap_Size = 0x200
                0x00000400                        _Min_Stack_Size = 0x400

.isr_vector     0x08000000      0x188
                0x08000000                        . = ALIGN (0x4)
 *(.isr_vector)
 .isr_vector    0x08000000      0x188 ./Core/Startup/startup_stm32f407zetx.o
                0x08000000                g_pfnVectors
                0x08000188                        . = ALIGN (0x4)

.text           0x08000190     0xd1ec
                0x08000190                        . = ALIGN (0x4)
 *(.text)
 .text          0x08000190       0x40 C:/ST/STM32CubeIDE_1.7.0/STM32CubeIDE/plugins/com.st.stm32cube.ide.mcu.externaltools.gnu-tools-for-stm32.12.3.rel1.win32_1.0.100.202403111256/tools/bin/../lib/gcc/arm-none-eabi/12.3.1/thumb/v7e-m+fp/hard/crtbegin.o
 .text          0x080001d0       0xa0 C:/ST/STM32CubeIDE_1.7.0/STM32CubeIDE/plugins/com.st.stm32cube.ide.mcu.externaltools.gnu-tools-for-stm32.12.3.rel1.win32_1.0.100.202403111256/tools/bin/../lib/gcc/arm-none-eabi/12.3.1/../../../../arm-none-eabi/lib/thumb/v7e-m+fp/hard\libc_nano.a(libc_a-memchr.o)
                0x080001d0                memchr
 .text          0x08000270      0x378 C:/ST/STM32CubeIDE_1.7.0/STM32CubeIDE/plugins/com.st.stm32cube.ide.mcu.externaltools.gnu-tools-for-stm32.12.3.rel1.win32_1.0.100.202403111256/tools/bin/../lib/gcc/arm-none-eabi/12.3.1/thumb/v7e-m+fp/hard\libgcc.a(_arm_addsubdf3.o)
                0x08000270                __aeabi_drsub
                0x08000278                __aeabi_dsub
                0x08000278                __subdf3
                0x0800027c                __aeabi_dadd
                0x0800027c                __adddf3
                0x080004f4                __floatunsidf
                0x080004f4                __aeabi_ui2d
                0x08000514                __floatsidf
                0x08000514                __aeabi_i2d
                0x08000538                __aeabi_f2d
                0x08000538                __extendsfdf2
                0x0800057c                __floatundidf
                0x0800057c                __aeabi_ul2d
                0x0800058c                __floatdidf
                0x0800058c                __aeabi_l2d
 .text          0x080005e8      0x424 C:/ST/STM32CubeIDE_1.7.0/STM32CubeIDE/plugins/com.st.stm32cube.ide.mcu.externaltools.gnu-tools-for-stm32.12.3.rel1.win32_1.0.100.202403111256/tools/bin/../lib/gcc/arm-none-eabi/12.3.1/thumb/v7e-m+fp/hard\libgcc.a(_arm_muldivdf3.o)
                0x080005e8                __aeabi_dmul
                0x080005e8                __muldf3
                0x0800083c                __divdf3
                0x0800083c                __aeabi_ddiv
 .text          0x08000a0c      0x110 C:/ST/STM32CubeIDE_1.7.0/STM32CubeIDE/plugins/com.st.stm32cube.ide.mcu.externaltools.gnu-tools-for-stm32.12.3.rel1.win32_1.0.100.202403111256/tools/bin/../lib/gcc/arm-none-eabi/12.3.1/thumb/v7e-m+fp/hard\libgcc.a(_arm_cmpdf2.o)
                0x08000a0c                __gtdf2
                0x08000a0c                __gedf2
                0x08000a14                __ltdf2
                0x08000a14                __ledf2
                0x08000a1c                __nedf2
                0x08000a1c                __eqdf2
                0x08000a1c                __cmpdf2
                0x08000a98                __aeabi_cdrcmple
                0x08000aa8                __aeabi_cdcmpeq
                0x08000aa8                __aeabi_cdcmple
                0x08000ab8                __aeabi_dcmpeq
                0x08000acc                __aeabi_dcmplt
                0x08000ae0                __aeabi_dcmple
                0x08000af4                __aeabi_dcmpge
                0x08000b08                __aeabi_dcmpgt
 .text          0x08000b1c       0x2c C:/ST/STM32CubeIDE_1.7.0/STM32CubeIDE/plugins/com.st.stm32cube.ide.mcu.externaltools.gnu-tools-for-stm32.12.3.rel1.win32_1.0.100.202403111256/tools/bin/../lib/gcc/arm-none-eabi/12.3.1/thumb/v7e-m+fp/hard\libgcc.a(_arm_unorddf2.o)
                0x08000b1c                __unorddf2
                0x08000b1c                __aeabi_dcmpun
 .text          0x08000b48       0x40 C:/ST/STM32CubeIDE_1.7.0/STM32CubeIDE/plugins/com.st.stm32cube.ide.mcu.externaltools.gnu-tools-for-stm32.12.3.rel1.win32_1.0.100.202403111256/tools/bin/../lib/gcc/arm-none-eabi/12.3.1/thumb/v7e-m+fp/hard\libgcc.a(_arm_fixunsdfsi.o)
                0x08000b48                __aeabi_d2uiz
                0x08000b48                __fixunsdfsi
 .text          0x08000b88       0x30 C:/ST/STM32CubeIDE_1.7.0/STM32CubeIDE/plugins/com.st.stm32cube.ide.mcu.externaltools.gnu-tools-for-stm32.12.3.rel1.win32_1.0.100.202403111256/tools/bin/../lib/gcc/arm-none-eabi/12.3.1/thumb/v7e-m+fp/hard\libgcc.a(_aeabi_uldivmod.o)
                0x08000b88                __aeabi_uldivmod
 .text          0x08000bb8      0x2bc C:/ST/STM32CubeIDE_1.7.0/STM32CubeIDE/plugins/com.st.stm32cube.ide.mcu.externaltools.gnu-tools-for-stm32.12.3.rel1.win32_1.0.100.202403111256/tools/bin/../lib/gcc/arm-none-eabi/12.3.1/thumb/v7e-m+fp/hard\libgcc.a(_udivmoddi4.o)
                0x08000bb8                __udivmoddi4
 .text          0x08000e74        0x4 C:/ST/STM32CubeIDE_1.7.0/STM32CubeIDE/plugins/com.st.stm32cube.ide.mcu.externaltools.gnu-tools-for-stm32.12.3.rel1.win32_1.0.100.202403111256/tools/bin/../lib/gcc/arm-none-eabi/12.3.1/thumb/v7e-m+fp/hard\libgcc.a(_dvmd_tls.o)
                0x08000e74                __aeabi_idiv0
                0x08000e74                __aeabi_ldiv0
 *(.text*)
 .text.MX_ADC1_Init
                0x08000e78      0x114 ./Core/Src/adc.o
                0x08000e78                MX_ADC1_Init
 .text.HAL_ADC_MspInit
                0x08000f8c      0x128 ./Core/Src/adc.o
                0x08000f8c                HAL_ADC_MspInit
 .text.at24c_init
                0x080010b4        0xc ./Core/Src/at24c.o
                0x080010b4                at24c_init
 .text.at24c_ReadOneByte
                0x080010c0       0x38 ./Core/Src/at24c.o
                0x080010c0                at24c_ReadOneByte
 .text.at24c_WriteOneByte
                0x080010f8       0x3c ./Core/Src/at24c.o
                0x080010f8                at24c_WriteOneByte
 .text.at24c_Check
                0x08001134       0x46 ./Core/Src/at24c.o
 .text.at24c_Read
                0x0800117a       0x3e ./Core/Src/at24c.o
                0x0800117a                at24c_Read
 .text.at24c_Write
                0x080011b8       0x40 ./Core/Src/at24c.o
                0x080011b8                at24c_Write
 .text.button_init
                0x080011f8       0x18 ./Core/Src/button.o
                0x080011f8                button_init
 .text.button_Scan
                0x08001210       0xd8 ./Core/Src/button.o
                0x08001210                button_Scan
 .text.buzzer_init
                0x080012e8       0x14 ./Core/Src/buzzer.o
                0x080012e8                buzzer_init
 .text.buzzer_SetVolume
                0x080012fc       0x30 ./Core/Src/buzzer.o
                0x080012fc                buzzer_SetVolume
 .text.MX_DMA_Init
                0x0800132c       0x40 ./Core/Src/dma.o
                0x0800132c                MX_DMA_Init
 .text.fsm_mode
                0x0800136c       0x80 ./Core/Src/fsm.o
                0x0800136c                fsm_mode
 .text.fsm_buzzer
                0x080013ec       0x64 ./Core/Src/fsm.o
                0x080013ec                fsm_buzzer
 .text.fsm_send_buzzer
                0x08001450       0x28 ./Core/Src/fsm.o
                0x08001450                fsm_send_buzzer
 .text.enter_ID
                0x08001478      0x148 ./Core/Src/fsm.o
                0x08001478                enter_ID
 .text.change_mode
                0x080015c0      0x20c ./Core/Src/fsm.o
                0x080015c0                change_mode
 .text.change_speed
                0x080017cc      0x1ac ./Core/Src/fsm.o
                0x080017cc                change_speed
 .text.displayLeaderBoard
                0x08001978      0x1d8 ./Core/Src/fsm.o
                0x08001978                displayLeaderBoard
 .text.fsm_machine
                0x08001b50      0x530 ./Core/Src/fsm.o
                0x08001b50                fsm_machine
 .text.MX_FSMC_Init
                0x08002080       0xf4 ./Core/Src/fsmc.o
                0x08002080                MX_FSMC_Init
 .text.HAL_FSMC_MspInit
                0x08002174       0x98 ./Core/Src/fsmc.o
 .text.HAL_SRAM_MspInit
                0x0800220c       0x14 ./Core/Src/fsmc.o
                0x0800220c                HAL_SRAM_MspInit
 .text.MX_GPIO_Init
                0x08002220      0x22c ./Core/Src/gpio.o
                0x08002220                MX_GPIO_Init
 .text.MX_I2C1_Init
                0x0800244c       0x5c ./Core/Src/i2c.o
                0x0800244c                MX_I2C1_Init
 .text.HAL_I2C_MspInit
                0x080024a8       0x90 ./Core/Src/i2c.o
                0x080024a8                HAL_I2C_MspInit
 .text.LCD_WR_REG
                0x08002538       0x20 ./Core/Src/lcd.o
                0x08002538                LCD_WR_REG
 .text.LCD_WR_DATA
                0x08002558       0x20 ./Core/Src/lcd.o
 .text.LCD_RD_DATA
                0x08002578       0x24 ./Core/Src/lcd.o
 .text.lcd_AddressSet
                0x0800259c       0x98 ./Core/Src/lcd.o
                0x0800259c                lcd_AddressSet
 .text.lcd_Clear
                0x08002634       0x64 ./Core/Src/lcd.o
                0x08002634                lcd_Clear
 .text.lcd_Fill
                0x08002698       0x6c ./Core/Src/lcd.o
                0x08002698                lcd_Fill
 .text.lcd_DrawPoint
                0x08002704       0x2e ./Core/Src/lcd.o
                0x08002704                lcd_DrawPoint
 .text.lcd_DrawLine
                0x08002732      0x108 ./Core/Src/lcd.o
                0x08002732                lcd_DrawLine
 *fill*         0x0800283a        0x2 
 .text.lcd_ShowChar
                0x0800283c      0x1a0 ./Core/Src/lcd.o
                0x0800283c                lcd_ShowChar
 .text.mypow    0x080029dc       0x38 ./Core/Src/lcd.o
                0x080029dc                mypow
 .text.lcd_ShowIntNum
                0x08002a14       0xfc ./Core/Src/lcd.o
                0x08002a14                lcd_ShowIntNum
 .text.lcd_SetDir
                0x08002b10       0x48 ./Core/Src/lcd.o
                0x08002b10                lcd_SetDir
 .text.lcd_init
                0x08002b58      0x2c0 ./Core/Src/lcd.o
                0x08002b58                lcd_init
 .text._draw_circle_8
                0x08002e18      0x116 ./Core/Src/lcd.o
 .text.lcd_DrawCircle
                0x08002f2e       0xd8 ./Core/Src/lcd.o
                0x08002f2e                lcd_DrawCircle
 *fill*         0x08003006        0x2 
 .text.lcd_ShowStr
                0x08003008       0xc8 ./Core/Src/lcd.o
                0x08003008                lcd_ShowStr
 .text.addPlayer
                0x080030d0       0x94 ./Core/Src/leaderboard.o
                0x080030d0                addPlayer
 .text.led7_Scan
                0x08003164      0x118 ./Core/Src/led_7seg.o
                0x08003164                led7_Scan
 .text.led7_SetDigit
                0x0800327c       0x48 ./Core/Src/led_7seg.o
                0x0800327c                led7_SetDigit
 .text.led7_SetColon
                0x080032c4       0x40 ./Core/Src/led_7seg.o
                0x080032c4                led7_SetColon
 .text.main     0x08003304       0xd0 ./Core/Src/main.o
                0x08003304                main
 .text.SystemClock_Config
                0x080033d4       0xd4 ./Core/Src/main.o
                0x080033d4                SystemClock_Config
 .text.system_init
                0x080034a8       0x60 ./Core/Src/main.o
                0x080034a8                system_init
 .text.test_LedDebug
                0x08003508       0x48 ./Core/Src/main.o
                0x08003508                test_LedDebug
 .text.sendSensor
                0x08003550       0xe4 ./Core/Src/main.o
                0x08003550                sendSensor
 .text.Error_Handler
                0x08003634        0xc ./Core/Src/main.o
                0x08003634                Error_Handler
 .text.screen_init
                0x08003640      0x1dc ./Core/Src/screen.o
                0x08003640                screen_init
 .text.screen_play
                0x0800381c       0x6a ./Core/Src/screen.o
                0x0800381c                screen_play
 *fill*         0x08003886        0x2 
 .text.screen_score
                0x08003888       0x50 ./Core/Src/screen.o
                0x08003888                screen_score
 .text.screen_game_over
                0x080038d8      0x2c4 ./Core/Src/screen.o
                0x080038d8                screen_game_over
 .text.sensor_GetLight
                0x08003b9c       0x18 ./Core/Src/sensor.o
                0x08003b9c                sensor_GetLight
 .text.sensor_GetPotentiometer
                0x08003bb4       0x18 ./Core/Src/sensor.o
                0x08003bb4                sensor_GetPotentiometer
 .text.sensor_GetTemperature
                0x08003bcc       0x3c ./Core/Src/sensor.o
                0x08003bcc                sensor_GetTemperature
 .text.isLight  0x08003c08       0x38 ./Core/Src/sensor.o
                0x08003c08                isLight
 .text.isHumidity
                0x08003c40       0x4c ./Core/Src/sensor.o
                0x08003c40                isHumidity
 .text.draw_snake
                0x08003c8c       0x24 ./Core/Src/snake.o
                0x08003c8c                draw_snake
 .text.draw_food
                0x08003cb0       0x24 ./Core/Src/snake.o
                0x08003cb0                draw_food
 .text.draw_head
                0x08003cd4       0x24 ./Core/Src/snake.o
                0x08003cd4                draw_head
 .text.draw_wall
                0x08003cf8       0x24 ./Core/Src/snake.o
                0x08003cf8                draw_wall
 .text.clear_block
                0x08003d1c       0x24 ./Core/Src/snake.o
                0x08003d1c                clear_block
 .text.update_grid
                0x08003d40      0x13c ./Core/Src/snake.o
                0x08003d40                update_grid
 .text.delete_wall
                0x08003e7c       0x6c ./Core/Src/snake.o
                0x08003e7c                delete_wall
 .text.init_grid
                0x08003ee8       0x54 ./Core/Src/snake.o
                0x08003ee8                init_grid
 .text.move_snake
                0x08003f3c      0x1b0 ./Core/Src/snake.o
                0x08003f3c                move_snake
 .text.re_init  0x080040ec       0x88 ./Core/Src/snake.o
                0x080040ec                re_init
 .text.spawn_food
                0x08004174       0x64 ./Core/Src/snake.o
                0x08004174                spawn_food
 .text.spawn_wall
                0x080041d8      0x2ec ./Core/Src/snake.o
                0x080041d8                spawn_wall
 .text.rand_no  0x080044c4       0x28 ./Core/Src/snake.o
                0x080044c4                rand_no
 .text.check_collision
                0x080044ec       0xa4 ./Core/Src/snake.o
                0x080044ec                check_collision
 .text.wait_check
                0x08004590       0xb0 ./Core/Src/snake.o
                0x08004590                wait_check
 .text.check_food
                0x08004640       0xe0 ./Core/Src/snake.o
                0x08004640                check_food
 .text.timer_init
                0x08004720       0x1c ./Core/Src/software_timer.o
                0x08004720                timer_init
 .text.setTimer2
                0x0800473c       0x38 ./Core/Src/software_timer.o
                0x0800473c                setTimer2
 .text.setTimer3
                0x08004774       0x38 ./Core/Src/software_timer.o
                0x08004774                setTimer3
 .text.setTimer4
                0x080047ac       0x38 ./Core/Src/software_timer.o
                0x080047ac                setTimer4
 .text.setTimer5
                0x080047e4       0x38 ./Core/Src/software_timer.o
                0x080047e4                setTimer5
 .text.setTimer7
                0x0800481c       0x38 ./Core/Src/software_timer.o
                0x0800481c                setTimer7
 .text.HAL_TIM_PeriodElapsedCallback
                0x08004854      0x164 ./Core/Src/software_timer.o
                0x08004854                HAL_TIM_PeriodElapsedCallback
 .text.delay_us
                0x080049b8       0x34 ./Core/Src/software_timer.o
                0x080049b8                delay_us
 .text.MX_SPI1_Init
                0x080049ec       0x6c ./Core/Src/spi.o
                0x080049ec                MX_SPI1_Init
 .text.HAL_SPI_MspInit
                0x08004a58       0x90 ./Core/Src/spi.o
                0x08004a58                HAL_SPI_MspInit
 .text.HAL_MspInit
                0x08004ae8       0x50 ./Core/Src/stm32f4xx_hal_msp.o
                0x08004ae8                HAL_MspInit
 .text.NMI_Handler
                0x08004b38        0x8 ./Core/Src/stm32f4xx_it.o
                0x08004b38                NMI_Handler
 .text.HardFault_Handler
                0x08004b40        0x8 ./Core/Src/stm32f4xx_it.o
                0x08004b40                HardFault_Handler
 .text.MemManage_Handler
                0x08004b48        0x8 ./Core/Src/stm32f4xx_it.o
                0x08004b48                MemManage_Handler
 .text.BusFault_Handler
                0x08004b50        0x8 ./Core/Src/stm32f4xx_it.o
                0x08004b50                BusFault_Handler
 .text.UsageFault_Handler
                0x08004b58        0x8 ./Core/Src/stm32f4xx_it.o
                0x08004b58                UsageFault_Handler
 .text.SVC_Handler
                0x08004b60        0xe ./Core/Src/stm32f4xx_it.o
                0x08004b60                SVC_Handler
 .text.DebugMon_Handler
                0x08004b6e        0xe ./Core/Src/stm32f4xx_it.o
                0x08004b6e                DebugMon_Handler
 .text.PendSV_Handler
                0x08004b7c        0xe ./Core/Src/stm32f4xx_it.o
                0x08004b7c                PendSV_Handler
 .text.SysTick_Handler
                0x08004b8a        0xc ./Core/Src/stm32f4xx_it.o
                0x08004b8a                SysTick_Handler
 *fill*         0x08004b96        0x2 
 .text.TIM2_IRQHandler
                0x08004b98       0x14 ./Core/Src/stm32f4xx_it.o
                0x08004b98                TIM2_IRQHandler
 .text.USART1_IRQHandler
                0x08004bac       0x14 ./Core/Src/stm32f4xx_it.o
                0x08004bac                USART1_IRQHandler
 .text.USART2_IRQHandler
                0x08004bc0       0x14 ./Core/Src/stm32f4xx_it.o
                0x08004bc0                USART2_IRQHandler
 .text.DMA2_Stream0_IRQHandler
                0x08004bd4       0x14 ./Core/Src/stm32f4xx_it.o
                0x08004bd4                DMA2_Stream0_IRQHandler
 .text._getpid  0x08004be8       0x10 ./Core/Src/syscalls.o
                0x08004be8                _getpid
 .text._kill    0x08004bf8       0x20 ./Core/Src/syscalls.o
                0x08004bf8                _kill
 .text._exit    0x08004c18       0x16 ./Core/Src/syscalls.o
                0x08004c18                _exit
 .text._read    0x08004c2e       0x3a ./Core/Src/syscalls.o
                0x08004c2e                _read
 .text._write   0x08004c68       0x38 ./Core/Src/syscalls.o
                0x08004c68                _write
 .text._close   0x08004ca0       0x18 ./Core/Src/syscalls.o
                0x08004ca0                _close
 .text._fstat   0x08004cb8       0x20 ./Core/Src/syscalls.o
                0x08004cb8                _fstat
 .text._isatty  0x08004cd8       0x16 ./Core/Src/syscalls.o
                0x08004cd8                _isatty
 .text._lseek   0x08004cee       0x1a ./Core/Src/syscalls.o
                0x08004cee                _lseek
 .text._sbrk    0x08004d08       0x6c ./Core/Src/sysmem.o
                0x08004d08                _sbrk
 .text.SystemInit
                0x08004d74       0x24 ./Core/Src/system_stm32f4xx.o
                0x08004d74                SystemInit
 .text.MX_TIM1_Init
                0x08004d98       0xa0 ./Core/Src/tim.o
                0x08004d98                MX_TIM1_Init
 .text.MX_TIM2_Init
                0x08004e38       0x98 ./Core/Src/tim.o
                0x08004e38                MX_TIM2_Init
 .text.MX_TIM13_Init
                0x08004ed0       0x9c ./Core/Src/tim.o
                0x08004ed0                MX_TIM13_Init
 .text.HAL_TIM_Base_MspInit
                0x08004f6c       0xa4 ./Core/Src/tim.o
                0x08004f6c                HAL_TIM_Base_MspInit
 .text.HAL_TIM_MspPostInit
                0x08005010       0x74 ./Core/Src/tim.o
                0x08005010                HAL_TIM_MspPostInit
 .text.TP_Write_Byte
                0x08005084       0x78 ./Core/Src/touch.o
 .text.TP_Read_AD
                0x080050fc       0xe0 ./Core/Src/touch.o
 .text.TP_Read_XOY
                0x080051dc       0xf4 ./Core/Src/touch.o
 .text.TP_Read_XY
                0x080052d0       0x44 ./Core/Src/touch.o
 .text.TP_Read_XY2
                0x08005314       0xc4 ./Core/Src/touch.o
 .text.TP_Drow_Touch_Point
                0x080053d8       0xae ./Core/Src/touch.o
 *fill*         0x08005486        0x2 
 .text.TP_Scan  0x08005488      0x12c ./Core/Src/touch.o
 .text.TP_Save_Adjdata
                0x080055b4       0x20 ./Core/Src/touch.o
 .text.TP_Get_Adjdata
                0x080055d4       0x38 ./Core/Src/touch.o
 *fill*         0x0800560c        0x4 
 .text.touch_Adjust
                0x08005610      0x7a4 ./Core/Src/touch.o
                0x08005610                touch_Adjust
 .text.touch_init
                0x08005db4       0x20 ./Core/Src/touch.o
                0x08005db4                touch_init
 .text.touch_Scan
                0x08005dd4       0x14 ./Core/Src/touch.o
                0x08005dd4                touch_Scan
 .text.touch_IsTouched
                0x08005de8       0x24 ./Core/Src/touch.o
                0x08005de8                touch_IsTouched
 .text.touch_GetX
                0x08005e0c       0x18 ./Core/Src/touch.o
                0x08005e0c                touch_GetX
 .text.touch_GetY
                0x08005e24       0x18 ./Core/Src/touch.o
                0x08005e24                touch_GetY
 .text.isButtonStart
                0x08005e3c       0x48 ./Core/Src/touch_screen.o
                0x08005e3c                isButtonStart
 .text.isButtonUp
                0x08005e84       0x46 ./Core/Src/touch_screen.o
                0x08005e84                isButtonUp
 .text.isButtonDown
                0x08005eca       0x4a ./Core/Src/touch_screen.o
                0x08005eca                isButtonDown
 .text.isButtonLeft
                0x08005f14       0x4a ./Core/Src/touch_screen.o
                0x08005f14                isButtonLeft
 .text.isButtonRight
                0x08005f5e       0x4a ./Core/Src/touch_screen.o
                0x08005f5e                isButtonRight
 .text.isButtonRestart
                0x08005fa8       0x48 ./Core/Src/touch_screen.o
                0x08005fa8                isButtonRestart
 .text.uart_init_esp
                0x08005ff0       0x1c ./Core/Src/uart.o
                0x08005ff0                uart_init_esp
 .text.uart_EspSendString
                0x0800600c       0x34 ./Core/Src/uart.o
                0x0800600c                uart_EspSendString
 .text.HAL_UART_RxCpltCallback
                0x08006040       0x68 ./Core/Src/uart.o
                0x08006040                HAL_UART_RxCpltCallback
 .text.MX_USART1_UART_Init
                0x080060a8       0x54 ./Core/Src/usart.o
                0x080060a8                MX_USART1_UART_Init
 .text.MX_USART2_UART_Init
                0x080060fc       0x54 ./Core/Src/usart.o
                0x080060fc                MX_USART2_UART_Init
 .text.HAL_UART_MspInit
                0x08006150      0x118 ./Core/Src/usart.o
                0x08006150                HAL_UART_MspInit
 .text.Reset_Handler
                0x08006268       0x50 ./Core/Startup/startup_stm32f407zetx.o
                0x08006268                Reset_Handler
 .text.Default_Handler
                0x080062b8        0x2 ./Core/Startup/startup_stm32f407zetx.o
                0x080062b8                RTC_Alarm_IRQHandler
                0x080062b8                HASH_RNG_IRQHandler
                0x080062b8                EXTI2_IRQHandler
                0x080062b8                TIM8_CC_IRQHandler
                0x080062b8                TIM1_CC_IRQHandler
                0x080062b8                DMA2_Stream5_IRQHandler
                0x080062b8                DMA1_Stream5_IRQHandler
                0x080062b8                PVD_IRQHandler
                0x080062b8                SDIO_IRQHandler
                0x080062b8                TAMP_STAMP_IRQHandler
                0x080062b8                CAN2_RX1_IRQHandler
                0x080062b8                EXTI3_IRQHandler
                0x080062b8                TIM8_TRG_COM_TIM14_IRQHandler
                0x080062b8                TIM1_UP_TIM10_IRQHandler
                0x080062b8                TIM8_UP_TIM13_IRQHandler
                0x080062b8                I2C3_ER_IRQHandler
                0x080062b8                EXTI0_IRQHandler
                0x080062b8                I2C2_EV_IRQHandler
                0x080062b8                DMA1_Stream2_IRQHandler
                0x080062b8                CAN1_RX0_IRQHandler
                0x080062b8                FPU_IRQHandler
                0x080062b8                OTG_HS_WKUP_IRQHandler
                0x080062b8                CAN2_SCE_IRQHandler
                0x080062b8                DMA2_Stream2_IRQHandler
                0x080062b8                SPI1_IRQHandler
                0x080062b8                TIM6_DAC_IRQHandler
                0x080062b8                TIM1_BRK_TIM9_IRQHandler
                0x080062b8                DCMI_IRQHandler
                0x080062b8                CAN2_RX0_IRQHandler
                0x080062b8                DMA2_Stream3_IRQHandler
                0x080062b8                USART6_IRQHandler
                0x080062b8                USART3_IRQHandler
                0x080062b8                CAN1_RX1_IRQHandler
                0x080062b8                UART5_IRQHandler
                0x080062b8                TIM4_IRQHandler
                0x080062b8                I2C1_EV_IRQHandler
                0x080062b8                DMA1_Stream6_IRQHandler
                0x080062b8                DMA1_Stream1_IRQHandler
                0x080062b8                UART4_IRQHandler
                0x080062b8                TIM3_IRQHandler
                0x080062b8                RCC_IRQHandler
                0x080062b8                TIM8_BRK_TIM12_IRQHandler
                0x080062b8                Default_Handler
                0x080062b8                EXTI15_10_IRQHandler
                0x080062b8                ADC_IRQHandler
                0x080062b8                DMA1_Stream7_IRQHandler
                0x080062b8                TIM7_IRQHandler
                0x080062b8                CAN2_TX_IRQHandler
                0x080062b8                TIM5_IRQHandler
                0x080062b8                DMA2_Stream7_IRQHandler
                0x080062b8                I2C3_EV_IRQHandler
                0x080062b8                EXTI9_5_IRQHandler
                0x080062b8                RTC_WKUP_IRQHandler
                0x080062b8                ETH_WKUP_IRQHandler
                0x080062b8                SPI2_IRQHandler
                0x080062b8                OTG_HS_EP1_IN_IRQHandler
                0x080062b8                DMA1_Stream0_IRQHandler
                0x080062b8                CAN1_TX_IRQHandler
                0x080062b8                EXTI4_IRQHandler
                0x080062b8                FSMC_IRQHandler
                0x080062b8                ETH_IRQHandler
                0x080062b8                OTG_HS_EP1_OUT_IRQHandler
                0x080062b8                WWDG_IRQHandler
                0x080062b8                OTG_FS_WKUP_IRQHandler
                0x080062b8                TIM1_TRG_COM_TIM11_IRQHandler
                0x080062b8                OTG_HS_IRQHandler
                0x080062b8                EXTI1_IRQHandler
                0x080062b8                I2C2_ER_IRQHandler
                0x080062b8                DMA2_Stream1_IRQHandler
                0x080062b8                CAN1_SCE_IRQHandler
                0x080062b8                FLASH_IRQHandler
                0x080062b8                DMA2_Stream4_IRQHandler
                0x080062b8                OTG_FS_IRQHandler
                0x080062b8                SPI3_IRQHandler
                0x080062b8                DMA1_Stream4_IRQHandler
                0x080062b8                I2C1_ER_IRQHandler
                0x080062b8                DMA2_Stream6_IRQHandler
                0x080062b8                DMA1_Stream3_IRQHandler
 *fill*         0x080062ba        0x2 
 .text.HAL_Init
                0x080062bc       0x44 ./Drivers/STM32F4xx_HAL_Driver/Src/stm32f4xx_hal.o
                0x080062bc                HAL_Init
 .text.HAL_InitTick
                0x08006300       0x60 ./Drivers/STM32F4xx_HAL_Driver/Src/stm32f4xx_hal.o
                0x08006300                HAL_InitTick
 .text.HAL_IncTick
                0x08006360       0x28 ./Drivers/STM32F4xx_HAL_Driver/Src/stm32f4xx_hal.o
                0x08006360                HAL_IncTick
 .text.HAL_GetTick
                0x08006388       0x18 ./Drivers/STM32F4xx_HAL_Driver/Src/stm32f4xx_hal.o
                0x08006388                HAL_GetTick
 .text.HAL_Delay
                0x080063a0       0x48 ./Drivers/STM32F4xx_HAL_Driver/Src/stm32f4xx_hal.o
                0x080063a0                HAL_Delay
 .text.HAL_ADC_Init
                0x080063e8       0x86 ./Drivers/STM32F4xx_HAL_Driver/Src/stm32f4xx_hal_adc.o
                0x080063e8                HAL_ADC_Init
 *fill*         0x0800646e        0x2 
 .text.HAL_ADC_ConfigChannel
                0x08006470      0x244 ./Drivers/STM32F4xx_HAL_Driver/Src/stm32f4xx_hal_adc.o
                0x08006470                HAL_ADC_ConfigChannel
 .text.ADC_Init
                0x080066b4      0x1f8 ./Drivers/STM32F4xx_HAL_Driver/Src/stm32f4xx_hal_adc.o
 .text.__NVIC_SetPriorityGrouping
                0x080068ac       0x48 ./Drivers/STM32F4xx_HAL_Driver/Src/stm32f4xx_hal_cortex.o
 .text.__NVIC_GetPriorityGrouping
                0x080068f4       0x1c ./Drivers/STM32F4xx_HAL_Driver/Src/stm32f4xx_hal_cortex.o
 .text.__NVIC_EnableIRQ
                0x08006910       0x3c ./Drivers/STM32F4xx_HAL_Driver/Src/stm32f4xx_hal_cortex.o
 .text.__NVIC_SetPriority
                0x0800694c       0x54 ./Drivers/STM32F4xx_HAL_Driver/Src/stm32f4xx_hal_cortex.o
 .text.NVIC_EncodePriority
                0x080069a0       0x66 ./Drivers/STM32F4xx_HAL_Driver/Src/stm32f4xx_hal_cortex.o
 *fill*         0x08006a06        0x2 
 .text.SysTick_Config
                0x08006a08       0x44 ./Drivers/STM32F4xx_HAL_Driver/Src/stm32f4xx_hal_cortex.o
 .text.HAL_NVIC_SetPriorityGrouping
                0x08006a4c       0x16 ./Drivers/STM32F4xx_HAL_Driver/Src/stm32f4xx_hal_cortex.o
                0x08006a4c                HAL_NVIC_SetPriorityGrouping
 .text.HAL_NVIC_SetPriority
                0x08006a62       0x38 ./Drivers/STM32F4xx_HAL_Driver/Src/stm32f4xx_hal_cortex.o
                0x08006a62                HAL_NVIC_SetPriority
 .text.HAL_NVIC_EnableIRQ
                0x08006a9a       0x1c ./Drivers/STM32F4xx_HAL_Driver/Src/stm32f4xx_hal_cortex.o
                0x08006a9a                HAL_NVIC_EnableIRQ
 .text.HAL_SYSTICK_Config
                0x08006ab6       0x18 ./Drivers/STM32F4xx_HAL_Driver/Src/stm32f4xx_hal_cortex.o
                0x08006ab6                HAL_SYSTICK_Config
 *fill*         0x08006ace        0x2 
 .text.HAL_DMA_Init
                0x08006ad0      0x15c ./Drivers/STM32F4xx_HAL_Driver/Src/stm32f4xx_hal_dma.o
                0x08006ad0                HAL_DMA_Init
 .text.HAL_DMA_Abort
                0x08006c2c       0xe0 ./Drivers/STM32F4xx_HAL_Driver/Src/stm32f4xx_hal_dma.o
                0x08006c2c                HAL_DMA_Abort
 .text.HAL_DMA_Abort_IT
                0x08006d0c       0x44 ./Drivers/STM32F4xx_HAL_Driver/Src/stm32f4xx_hal_dma.o
                0x08006d0c                HAL_DMA_Abort_IT
 .text.HAL_DMA_IRQHandler
                0x08006d50      0x314 ./Drivers/STM32F4xx_HAL_Driver/Src/stm32f4xx_hal_dma.o
                0x08006d50                HAL_DMA_IRQHandler
 .text.DMA_CalcBaseAndBitshift
                0x08007064       0x6c ./Drivers/STM32F4xx_HAL_Driver/Src/stm32f4xx_hal_dma.o
 .text.DMA_CheckFifoParam
                0x080070d0       0xf8 ./Drivers/STM32F4xx_HAL_Driver/Src/stm32f4xx_hal_dma.o
 .text.HAL_GPIO_Init
                0x080071c8      0x338 ./Drivers/STM32F4xx_HAL_Driver/Src/stm32f4xx_hal_gpio.o
                0x080071c8                HAL_GPIO_Init
 .text.HAL_GPIO_ReadPin
                0x08007500       0x30 ./Drivers/STM32F4xx_HAL_Driver/Src/stm32f4xx_hal_gpio.o
                0x08007500                HAL_GPIO_ReadPin
 .text.HAL_GPIO_WritePin
                0x08007530       0x32 ./Drivers/STM32F4xx_HAL_Driver/Src/stm32f4xx_hal_gpio.o
                0x08007530                HAL_GPIO_WritePin
 .text.HAL_GPIO_TogglePin
                0x08007562       0x34 ./Drivers/STM32F4xx_HAL_Driver/Src/stm32f4xx_hal_gpio.o
                0x08007562                HAL_GPIO_TogglePin
 *fill*         0x08007596        0x2 
 .text.HAL_I2C_Init
                0x08007598      0x288 ./Drivers/STM32F4xx_HAL_Driver/Src/stm32f4xx_hal_i2c.o
                0x08007598                HAL_I2C_Init
 .text.HAL_I2C_Mem_Write
                0x08007820      0x1f4 ./Drivers/STM32F4xx_HAL_Driver/Src/stm32f4xx_hal_i2c.o
                0x08007820                HAL_I2C_Mem_Write
 .text.HAL_I2C_Mem_Read
                0x08007a14      0x44c ./Drivers/STM32F4xx_HAL_Driver/Src/stm32f4xx_hal_i2c.o
                0x08007a14                HAL_I2C_Mem_Read
 .text.I2C_RequestMemoryWrite
                0x08007e60      0x12c ./Drivers/STM32F4xx_HAL_Driver/Src/stm32f4xx_hal_i2c.o
 .text.I2C_RequestMemoryRead
                0x08007f8c      0x1d0 ./Drivers/STM32F4xx_HAL_Driver/Src/stm32f4xx_hal_i2c.o
 .text.I2C_WaitOnFlagUntilTimeout
                0x0800815c       0xae ./Drivers/STM32F4xx_HAL_Driver/Src/stm32f4xx_hal_i2c.o
 .text.I2C_WaitOnMasterAddressFlagUntilTimeout
                0x0800820a       0xfe ./Drivers/STM32F4xx_HAL_Driver/Src/stm32f4xx_hal_i2c.o
 .text.I2C_WaitOnTXEFlagUntilTimeout
                0x08008308       0x82 ./Drivers/STM32F4xx_HAL_Driver/Src/stm32f4xx_hal_i2c.o
 .text.I2C_WaitOnBTFFlagUntilTimeout
                0x0800838a       0x82 ./Drivers/STM32F4xx_HAL_Driver/Src/stm32f4xx_hal_i2c.o
 .text.I2C_WaitOnRXNEFlagUntilTimeout
                0x0800840c       0xac ./Drivers/STM32F4xx_HAL_Driver/Src/stm32f4xx_hal_i2c.o
 .text.I2C_IsAcknowledgeFailed
                0x080084b8       0x5e ./Drivers/STM32F4xx_HAL_Driver/Src/stm32f4xx_hal_i2c.o
 *fill*         0x08008516        0x2 
 .text.HAL_RCC_OscConfig
                0x08008518      0x4f0 ./Drivers/STM32F4xx_HAL_Driver/Src/stm32f4xx_hal_rcc.o
                0x08008518                HAL_RCC_OscConfig
 .text.HAL_RCC_ClockConfig
                0x08008a08      0x1cc ./Drivers/STM32F4xx_HAL_Driver/Src/stm32f4xx_hal_rcc.o
                0x08008a08                HAL_RCC_ClockConfig
 .text.HAL_RCC_GetSysClockFreq
                0x08008bd4      0x20c ./Drivers/STM32F4xx_HAL_Driver/Src/stm32f4xx_hal_rcc.o
                0x08008bd4                HAL_RCC_GetSysClockFreq
 .text.HAL_RCC_GetHCLKFreq
                0x08008de0       0x18 ./Drivers/STM32F4xx_HAL_Driver/Src/stm32f4xx_hal_rcc.o
                0x08008de0                HAL_RCC_GetHCLKFreq
 .text.HAL_RCC_GetPCLK1Freq
                0x08008df8       0x28 ./Drivers/STM32F4xx_HAL_Driver/Src/stm32f4xx_hal_rcc.o
                0x08008df8                HAL_RCC_GetPCLK1Freq
 .text.HAL_RCC_GetPCLK2Freq
                0x08008e20       0x28 ./Drivers/STM32F4xx_HAL_Driver/Src/stm32f4xx_hal_rcc.o
                0x08008e20                HAL_RCC_GetPCLK2Freq
 .text.HAL_SPI_Init
                0x08008e48      0x112 ./Drivers/STM32F4xx_HAL_Driver/Src/stm32f4xx_hal_spi.o
                0x08008e48                HAL_SPI_Init
 .text.HAL_SPI_Transmit
                0x08008f5a      0x278 ./Drivers/STM32F4xx_HAL_Driver/Src/stm32f4xx_hal_spi.o
                0x08008f5a                HAL_SPI_Transmit
 .text.HAL_SPI_Receive
                0x080091d2      0x222 ./Drivers/STM32F4xx_HAL_Driver/Src/stm32f4xx_hal_spi.o
                0x080091d2                HAL_SPI_Receive
 .text.HAL_SPI_TransmitReceive
                0x080093f4      0x344 ./Drivers/STM32F4xx_HAL_Driver/Src/stm32f4xx_hal_spi.o
                0x080093f4                HAL_SPI_TransmitReceive
 .text.SPI_WaitFlagStateUntilTimeout
                0x08009738      0x110 ./Drivers/STM32F4xx_HAL_Driver/Src/stm32f4xx_hal_spi.o
 .text.SPI_EndRxTransaction
                0x08009848       0xca ./Drivers/STM32F4xx_HAL_Driver/Src/stm32f4xx_hal_spi.o
 *fill*         0x08009912        0x2 
 .text.SPI_EndRxTxTransaction
                0x08009914       0x84 ./Drivers/STM32F4xx_HAL_Driver/Src/stm32f4xx_hal_spi.o
 .text.HAL_SRAM_Init
                0x08009998       0x88 ./Drivers/STM32F4xx_HAL_Driver/Src/stm32f4xx_hal_sram.o
                0x08009998                HAL_SRAM_Init
 .text.HAL_TIM_Base_Init
                0x08009a20       0x9e ./Drivers/STM32F4xx_HAL_Driver/Src/stm32f4xx_hal_tim.o
                0x08009a20                HAL_TIM_Base_Init
 *fill*         0x08009abe        0x2 
 .text.HAL_TIM_Base_Start
                0x08009ac0       0xd0 ./Drivers/STM32F4xx_HAL_Driver/Src/stm32f4xx_hal_tim.o
                0x08009ac0                HAL_TIM_Base_Start
 .text.HAL_TIM_Base_Start_IT
                0x08009b90       0xe0 ./Drivers/STM32F4xx_HAL_Driver/Src/stm32f4xx_hal_tim.o
                0x08009b90                HAL_TIM_Base_Start_IT
 .text.HAL_TIM_PWM_Init
                0x08009c70       0x9e ./Drivers/STM32F4xx_HAL_Driver/Src/stm32f4xx_hal_tim.o
                0x08009c70                HAL_TIM_PWM_Init
 .text.HAL_TIM_PWM_MspInit
                0x08009d0e       0x14 ./Drivers/STM32F4xx_HAL_Driver/Src/stm32f4xx_hal_tim.o
                0x08009d0e                HAL_TIM_PWM_MspInit
 *fill*         0x08009d22        0x2 
 .text.HAL_TIM_PWM_Start
                0x08009d24      0x190 ./Drivers/STM32F4xx_HAL_Driver/Src/stm32f4xx_hal_tim.o
                0x08009d24                HAL_TIM_PWM_Start
 .text.HAL_TIM_IRQHandler
                0x08009eb4      0x210 ./Drivers/STM32F4xx_HAL_Driver/Src/stm32f4xx_hal_tim.o
                0x08009eb4                HAL_TIM_IRQHandler
 .text.HAL_TIM_PWM_ConfigChannel
                0x0800a0c4      0x184 ./Drivers/STM32F4xx_HAL_Driver/Src/stm32f4xx_hal_tim.o
                0x0800a0c4                HAL_TIM_PWM_ConfigChannel
 .text.HAL_TIM_ConfigClockSource
                0x0800a248      0x18e ./Drivers/STM32F4xx_HAL_Driver/Src/stm32f4xx_hal_tim.o
                0x0800a248                HAL_TIM_ConfigClockSource
 .text.HAL_TIM_OC_DelayElapsedCallback
                0x0800a3d6       0x14 ./Drivers/STM32F4xx_HAL_Driver/Src/stm32f4xx_hal_tim.o
                0x0800a3d6                HAL_TIM_OC_DelayElapsedCallback
 .text.HAL_TIM_IC_CaptureCallback
                0x0800a3ea       0x14 ./Drivers/STM32F4xx_HAL_Driver/Src/stm32f4xx_hal_tim.o
                0x0800a3ea                HAL_TIM_IC_CaptureCallback
 .text.HAL_TIM_PWM_PulseFinishedCallback
                0x0800a3fe       0x14 ./Drivers/STM32F4xx_HAL_Driver/Src/stm32f4xx_hal_tim.o
                0x0800a3fe                HAL_TIM_PWM_PulseFinishedCallback
 .text.HAL_TIM_TriggerCallback
                0x0800a412       0x14 ./Drivers/STM32F4xx_HAL_Driver/Src/stm32f4xx_hal_tim.o
                0x0800a412                HAL_TIM_TriggerCallback
 *fill*         0x0800a426        0x2 
 .text.TIM_Base_SetConfig
                0x0800a428      0x140 ./Drivers/STM32F4xx_HAL_Driver/Src/stm32f4xx_hal_tim.o
                0x0800a428                TIM_Base_SetConfig
 .text.TIM_OC1_SetConfig
                0x0800a568       0xe0 ./Drivers/STM32F4xx_HAL_Driver/Src/stm32f4xx_hal_tim.o
 .text.TIM_OC2_SetConfig
                0x0800a648       0xec ./Drivers/STM32F4xx_HAL_Driver/Src/stm32f4xx_hal_tim.o
                0x0800a648                TIM_OC2_SetConfig
 .text.TIM_OC3_SetConfig
                0x0800a734       0xe8 ./Drivers/STM32F4xx_HAL_Driver/Src/stm32f4xx_hal_tim.o
 .text.TIM_OC4_SetConfig
                0x0800a81c       0xac ./Drivers/STM32F4xx_HAL_Driver/Src/stm32f4xx_hal_tim.o
 .text.TIM_TI1_ConfigInputStage
                0x0800a8c8       0x5e ./Drivers/STM32F4xx_HAL_Driver/Src/stm32f4xx_hal_tim.o
 .text.TIM_TI2_ConfigInputStage
                0x0800a926       0x60 ./Drivers/STM32F4xx_HAL_Driver/Src/stm32f4xx_hal_tim.o
 .text.TIM_ITRx_SetConfig
                0x0800a986       0x36 ./Drivers/STM32F4xx_HAL_Driver/Src/stm32f4xx_hal_tim.o
 .text.TIM_ETR_SetConfig
                0x0800a9bc       0x40 ./Drivers/STM32F4xx_HAL_Driver/Src/stm32f4xx_hal_tim.o
                0x0800a9bc                TIM_ETR_SetConfig
 .text.TIM_CCxChannelCmd
                0x0800a9fc       0x4a ./Drivers/STM32F4xx_HAL_Driver/Src/stm32f4xx_hal_tim.o
                0x0800a9fc                TIM_CCxChannelCmd
 *fill*         0x0800aa46        0x2 
 .text.HAL_TIMEx_MasterConfigSynchronization
                0x0800aa48       0xf8 ./Drivers/STM32F4xx_HAL_Driver/Src/stm32f4xx_hal_tim_ex.o
                0x0800aa48                HAL_TIMEx_MasterConfigSynchronization
 .text.HAL_TIMEx_CommutCallback
                0x0800ab40       0x14 ./Drivers/STM32F4xx_HAL_Driver/Src/stm32f4xx_hal_tim_ex.o
                0x0800ab40                HAL_TIMEx_CommutCallback
 .text.HAL_TIMEx_BreakCallback
                0x0800ab54       0x14 ./Drivers/STM32F4xx_HAL_Driver/Src/stm32f4xx_hal_tim_ex.o
                0x0800ab54                HAL_TIMEx_BreakCallback
 .text.HAL_UART_Init
                0x0800ab68       0x9a ./Drivers/STM32F4xx_HAL_Driver/Src/stm32f4xx_hal_uart.o
                0x0800ab68                HAL_UART_Init
 .text.HAL_UART_Transmit
                0x0800ac02      0x124 ./Drivers/STM32F4xx_HAL_Driver/Src/stm32f4xx_hal_uart.o
                0x0800ac02                HAL_UART_Transmit
 .text.HAL_UART_Receive_IT
                0x0800ad26       0x60 ./Drivers/STM32F4xx_HAL_Driver/Src/stm32f4xx_hal_uart.o
                0x0800ad26                HAL_UART_Receive_IT
 *fill*         0x0800ad86        0x2 
 .text.HAL_UART_IRQHandler
                0x0800ad88      0x51c ./Drivers/STM32F4xx_HAL_Driver/Src/stm32f4xx_hal_uart.o
                0x0800ad88                HAL_UART_IRQHandler
 .text.HAL_UART_TxCpltCallback
                0x0800b2a4       0x14 ./Drivers/STM32F4xx_HAL_Driver/Src/stm32f4xx_hal_uart.o
                0x0800b2a4                HAL_UART_TxCpltCallback
 .text.HAL_UART_ErrorCallback
                0x0800b2b8       0x14 ./Drivers/STM32F4xx_HAL_Driver/Src/stm32f4xx_hal_uart.o
                0x0800b2b8                HAL_UART_ErrorCallback
 .text.HAL_UARTEx_RxEventCallback
                0x0800b2cc       0x18 ./Drivers/STM32F4xx_HAL_Driver/Src/stm32f4xx_hal_uart.o
                0x0800b2cc                HAL_UARTEx_RxEventCallback
 .text.UART_WaitOnFlagUntilTimeout
                0x0800b2e4       0xdc ./Drivers/STM32F4xx_HAL_Driver/Src/stm32f4xx_hal_uart.o
 .text.UART_Start_Receive_IT
                0x0800b3c0       0x74 ./Drivers/STM32F4xx_HAL_Driver/Src/stm32f4xx_hal_uart.o
                0x0800b3c0                UART_Start_Receive_IT
 .text.UART_EndRxTransfer
                0x0800b434       0xc6 ./Drivers/STM32F4xx_HAL_Driver/Src/stm32f4xx_hal_uart.o
 .text.UART_DMAAbortOnError
                0x0800b4fa       0x28 ./Drivers/STM32F4xx_HAL_Driver/Src/stm32f4xx_hal_uart.o
 .text.UART_Transmit_IT
                0x0800b522       0xa0 ./Drivers/STM32F4xx_HAL_Driver/Src/stm32f4xx_hal_uart.o
 .text.UART_EndTransmit_IT
                0x0800b5c2       0x30 ./Drivers/STM32F4xx_HAL_Driver/Src/stm32f4xx_hal_uart.o
 .text.UART_Receive_IT
                0x0800b5f2      0x176 ./Drivers/STM32F4xx_HAL_Driver/Src/stm32f4xx_hal_uart.o
 .text.UART_SetConfig
                0x0800b768      0x4e8 ./Drivers/STM32F4xx_HAL_Driver/Src/stm32f4xx_hal_uart.o
 .text.FSMC_NORSRAM_Init
                0x0800bc50       0xa4 ./Drivers/STM32F4xx_HAL_Driver/Src/stm32f4xx_ll_fsmc.o
                0x0800bc50                FSMC_NORSRAM_Init
 .text.FSMC_NORSRAM_Timing_Init
                0x0800bcf4       0x7a ./Drivers/STM32F4xx_HAL_Driver/Src/stm32f4xx_ll_fsmc.o
                0x0800bcf4                FSMC_NORSRAM_Timing_Init
 *fill*         0x0800bd6e        0x2 
 .text.FSMC_NORSRAM_Extended_Timing_Init
                0x0800bd70       0x80 ./Drivers/STM32F4xx_HAL_Driver/Src/stm32f4xx_ll_fsmc.o
                0x0800bd70                FSMC_NORSRAM_Extended_Timing_Init
 .text.malloc   0x0800bdf0       0x10 C:/ST/STM32CubeIDE_1.7.0/STM32CubeIDE/plugins/com.st.stm32cube.ide.mcu.externaltools.gnu-tools-for-stm32.12.3.rel1.win32_1.0.100.202403111256/tools/bin/../lib/gcc/arm-none-eabi/12.3.1/../../../../arm-none-eabi/lib/thumb/v7e-m+fp/hard\libc_nano.a(libc_a-malloc.o)
                0x0800bdf0                malloc
 .text.sbrk_aligned
                0x0800be00       0x44 C:/ST/STM32CubeIDE_1.7.0/STM32CubeIDE/plugins/com.st.stm32cube.ide.mcu.externaltools.gnu-tools-for-stm32.12.3.rel1.win32_1.0.100.202403111256/tools/bin/../lib/gcc/arm-none-eabi/12.3.1/../../../../arm-none-eabi/lib/thumb/v7e-m+fp/hard\libc_nano.a(libc_a-mallocr.o)
 .text._malloc_r
                0x0800be44      0x100 C:/ST/STM32CubeIDE_1.7.0/STM32CubeIDE/plugins/com.st.stm32cube.ide.mcu.externaltools.gnu-tools-for-stm32.12.3.rel1.win32_1.0.100.202403111256/tools/bin/../lib/gcc/arm-none-eabi/12.3.1/../../../../arm-none-eabi/lib/thumb/v7e-m+fp/hard\libc_nano.a(libc_a-mallocr.o)
                0x0800be44                _malloc_r
 .text.__malloc_lock
                0x0800bf44        0xc C:/ST/STM32CubeIDE_1.7.0/STM32CubeIDE/plugins/com.st.stm32cube.ide.mcu.externaltools.gnu-tools-for-stm32.12.3.rel1.win32_1.0.100.202403111256/tools/bin/../lib/gcc/arm-none-eabi/12.3.1/../../../../arm-none-eabi/lib/thumb/v7e-m+fp/hard\libc_nano.a(libc_a-mlock.o)
                0x0800bf44                __malloc_lock
 .text.__malloc_unlock
                0x0800bf50        0xc C:/ST/STM32CubeIDE_1.7.0/STM32CubeIDE/plugins/com.st.stm32cube.ide.mcu.externaltools.gnu-tools-for-stm32.12.3.rel1.win32_1.0.100.202403111256/tools/bin/../lib/gcc/arm-none-eabi/12.3.1/../../../../arm-none-eabi/lib/thumb/v7e-m+fp/hard\libc_nano.a(libc_a-mlock.o)
                0x0800bf50                __malloc_unlock
 .text.rand     0x0800bf5c       0x7c C:/ST/STM32CubeIDE_1.7.0/STM32CubeIDE/plugins/com.st.stm32cube.ide.mcu.externaltools.gnu-tools-for-stm32.12.3.rel1.win32_1.0.100.202403111256/tools/bin/../lib/gcc/arm-none-eabi/12.3.1/../../../../arm-none-eabi/lib/thumb/v7e-m+fp/hard\libc_nano.a(libc_a-rand.o)
                0x0800bf5c                rand
 .text.std      0x0800bfd8       0x6c C:/ST/STM32CubeIDE_1.7.0/STM32CubeIDE/plugins/com.st.stm32cube.ide.mcu.externaltools.gnu-tools-for-stm32.12.3.rel1.win32_1.0.100.202403111256/tools/bin/../lib/gcc/arm-none-eabi/12.3.1/../../../../arm-none-eabi/lib/thumb/v7e-m+fp/hard\libc_nano.a(libc_a-findfp.o)
 .text.stdio_exit_handler
                0x0800c044       0x18 C:/ST/STM32CubeIDE_1.7.0/STM32CubeIDE/plugins/com.st.stm32cube.ide.mcu.externaltools.gnu-tools-for-stm32.12.3.rel1.win32_1.0.100.202403111256/tools/bin/../lib/gcc/arm-none-eabi/12.3.1/../../../../arm-none-eabi/lib/thumb/v7e-m+fp/hard\libc_nano.a(libc_a-findfp.o)
 .text.cleanup_stdio
                0x0800c05c       0x40 C:/ST/STM32CubeIDE_1.7.0/STM32CubeIDE/plugins/com.st.stm32cube.ide.mcu.externaltools.gnu-tools-for-stm32.12.3.rel1.win32_1.0.100.202403111256/tools/bin/../lib/gcc/arm-none-eabi/12.3.1/../../../../arm-none-eabi/lib/thumb/v7e-m+fp/hard\libc_nano.a(libc_a-findfp.o)
 .text.global_stdio_init.part.0
                0x0800c09c       0x3c C:/ST/STM32CubeIDE_1.7.0/STM32CubeIDE/plugins/com.st.stm32cube.ide.mcu.externaltools.gnu-tools-for-stm32.12.3.rel1.win32_1.0.100.202403111256/tools/bin/../lib/gcc/arm-none-eabi/12.3.1/../../../../arm-none-eabi/lib/thumb/v7e-m+fp/hard\libc_nano.a(libc_a-findfp.o)
 .text.__sfp_lock_acquire
                0x0800c0d8        0xc C:/ST/STM32CubeIDE_1.7.0/STM32CubeIDE/plugins/com.st.stm32cube.ide.mcu.externaltools.gnu-tools-for-stm32.12.3.rel1.win32_1.0.100.202403111256/tools/bin/../lib/gcc/arm-none-eabi/12.3.1/../../../../arm-none-eabi/lib/thumb/v7e-m+fp/hard\libc_nano.a(libc_a-findfp.o)
                0x0800c0d8                __sfp_lock_acquire
 .text.__sfp_lock_release
                0x0800c0e4        0xc C:/ST/STM32CubeIDE_1.7.0/STM32CubeIDE/plugins/com.st.stm32cube.ide.mcu.externaltools.gnu-tools-for-stm32.12.3.rel1.win32_1.0.100.202403111256/tools/bin/../lib/gcc/arm-none-eabi/12.3.1/../../../../arm-none-eabi/lib/thumb/v7e-m+fp/hard\libc_nano.a(libc_a-findfp.o)
                0x0800c0e4                __sfp_lock_release
 .text.__sinit  0x0800c0f0       0x30 C:/ST/STM32CubeIDE_1.7.0/STM32CubeIDE/plugins/com.st.stm32cube.ide.mcu.externaltools.gnu-tools-for-stm32.12.3.rel1.win32_1.0.100.202403111256/tools/bin/../lib/gcc/arm-none-eabi/12.3.1/../../../../arm-none-eabi/lib/thumb/v7e-m+fp/hard\libc_nano.a(libc_a-findfp.o)
                0x0800c0f0                __sinit
 .text._fwalk_sglue
                0x0800c120       0x3c C:/ST/STM32CubeIDE_1.7.0/STM32CubeIDE/plugins/com.st.stm32cube.ide.mcu.externaltools.gnu-tools-for-stm32.12.3.rel1.win32_1.0.100.202403111256/tools/bin/../lib/gcc/arm-none-eabi/12.3.1/../../../../arm-none-eabi/lib/thumb/v7e-m+fp/hard\libc_nano.a(libc_a-fwalk.o)
                0x0800c120                _fwalk_sglue
 .text.sprintf  0x0800c15c       0x40 C:/ST/STM32CubeIDE_1.7.0/STM32CubeIDE/plugins/com.st.stm32cube.ide.mcu.externaltools.gnu-tools-for-stm32.12.3.rel1.win32_1.0.100.202403111256/tools/bin/../lib/gcc/arm-none-eabi/12.3.1/../../../../arm-none-eabi/lib/thumb/v7e-m+fp/hard\libc_nano.a(libc_a-sprintf.o)
                0x0800c15c                siprintf
                0x0800c15c                sprintf
 .text.__sread  0x0800c19c       0x22 C:/ST/STM32CubeIDE_1.7.0/STM32CubeIDE/plugins/com.st.stm32cube.ide.mcu.externaltools.gnu-tools-for-stm32.12.3.rel1.win32_1.0.100.202403111256/tools/bin/../lib/gcc/arm-none-eabi/12.3.1/../../../../arm-none-eabi/lib/thumb/v7e-m+fp/hard\libc_nano.a(libc_a-stdio.o)
                0x0800c19c                __sread
 .text.__swrite
                0x0800c1be       0x38 C:/ST/STM32CubeIDE_1.7.0/STM32CubeIDE/plugins/com.st.stm32cube.ide.mcu.externaltools.gnu-tools-for-stm32.12.3.rel1.win32_1.0.100.202403111256/tools/bin/../lib/gcc/arm-none-eabi/12.3.1/../../../../arm-none-eabi/lib/thumb/v7e-m+fp/hard\libc_nano.a(libc_a-stdio.o)
                0x0800c1be                __swrite
 .text.__sseek  0x0800c1f6       0x24 C:/ST/STM32CubeIDE_1.7.0/STM32CubeIDE/plugins/com.st.stm32cube.ide.mcu.externaltools.gnu-tools-for-stm32.12.3.rel1.win32_1.0.100.202403111256/tools/bin/../lib/gcc/arm-none-eabi/12.3.1/../../../../arm-none-eabi/lib/thumb/v7e-m+fp/hard\libc_nano.a(libc_a-stdio.o)
                0x0800c1f6                __sseek
 .text.__sclose
                0x0800c21a        0x8 C:/ST/STM32CubeIDE_1.7.0/STM32CubeIDE/plugins/com.st.stm32cube.ide.mcu.externaltools.gnu-tools-for-stm32.12.3.rel1.win32_1.0.100.202403111256/tools/bin/../lib/gcc/arm-none-eabi/12.3.1/../../../../arm-none-eabi/lib/thumb/v7e-m+fp/hard\libc_nano.a(libc_a-stdio.o)
                0x0800c21a                __sclose
 .text.memset   0x0800c222       0x10 C:/ST/STM32CubeIDE_1.7.0/STM32CubeIDE/plugins/com.st.stm32cube.ide.mcu.externaltools.gnu-tools-for-stm32.12.3.rel1.win32_1.0.100.202403111256/tools/bin/../lib/gcc/arm-none-eabi/12.3.1/../../../../arm-none-eabi/lib/thumb/v7e-m+fp/hard\libc_nano.a(libc_a-memset.o)
                0x0800c222                memset
 *fill*         0x0800c232        0x2 
 .text._close_r
                0x0800c234       0x20 C:/ST/STM32CubeIDE_1.7.0/STM32CubeIDE/plugins/com.st.stm32cube.ide.mcu.externaltools.gnu-tools-for-stm32.12.3.rel1.win32_1.0.100.202403111256/tools/bin/../lib/gcc/arm-none-eabi/12.3.1/../../../../arm-none-eabi/lib/thumb/v7e-m+fp/hard\libc_nano.a(libc_a-closer.o)
                0x0800c234                _close_r
 .text._lseek_r
                0x0800c254       0x24 C:/ST/STM32CubeIDE_1.7.0/STM32CubeIDE/plugins/com.st.stm32cube.ide.mcu.externaltools.gnu-tools-for-stm32.12.3.rel1.win32_1.0.100.202403111256/tools/bin/../lib/gcc/arm-none-eabi/12.3.1/../../../../arm-none-eabi/lib/thumb/v7e-m+fp/hard\libc_nano.a(libc_a-lseekr.o)
                0x0800c254                _lseek_r
 .text._read_r  0x0800c278       0x24 C:/ST/STM32CubeIDE_1.7.0/STM32CubeIDE/plugins/com.st.stm32cube.ide.mcu.externaltools.gnu-tools-for-stm32.12.3.rel1.win32_1.0.100.202403111256/tools/bin/../lib/gcc/arm-none-eabi/12.3.1/../../../../arm-none-eabi/lib/thumb/v7e-m+fp/hard\libc_nano.a(libc_a-readr.o)
                0x0800c278                _read_r
 .text._sbrk_r  0x0800c29c       0x20 C:/ST/STM32CubeIDE_1.7.0/STM32CubeIDE/plugins/com.st.stm32cube.ide.mcu.externaltools.gnu-tools-for-stm32.12.3.rel1.win32_1.0.100.202403111256/tools/bin/../lib/gcc/arm-none-eabi/12.3.1/../../../../arm-none-eabi/lib/thumb/v7e-m+fp/hard\libc_nano.a(libc_a-sbrkr.o)
                0x0800c29c                _sbrk_r
 .text._write_r
                0x0800c2bc       0x24 C:/ST/STM32CubeIDE_1.7.0/STM32CubeIDE/plugins/com.st.stm32cube.ide.mcu.externaltools.gnu-tools-for-stm32.12.3.rel1.win32_1.0.100.202403111256/tools/bin/../lib/gcc/arm-none-eabi/12.3.1/../../../../arm-none-eabi/lib/thumb/v7e-m+fp/hard\libc_nano.a(libc_a-writer.o)
                0x0800c2bc                _write_r
 .text.__errno  0x0800c2e0        0xc C:/ST/STM32CubeIDE_1.7.0/STM32CubeIDE/plugins/com.st.stm32cube.ide.mcu.externaltools.gnu-tools-for-stm32.12.3.rel1.win32_1.0.100.202403111256/tools/bin/../lib/gcc/arm-none-eabi/12.3.1/../../../../arm-none-eabi/lib/thumb/v7e-m+fp/hard\libc_nano.a(libc_a-errno.o)
                0x0800c2e0                __errno
 .text.__libc_init_array
                0x0800c2ec       0x48 C:/ST/STM32CubeIDE_1.7.0/STM32CubeIDE/plugins/com.st.stm32cube.ide.mcu.externaltools.gnu-tools-for-stm32.12.3.rel1.win32_1.0.100.202403111256/tools/bin/../lib/gcc/arm-none-eabi/12.3.1/../../../../arm-none-eabi/lib/thumb/v7e-m+fp/hard\libc_nano.a(libc_a-init.o)
                0x0800c2ec                __libc_init_array
 .text.__retarget_lock_init_recursive
                0x0800c334        0x2 C:/ST/STM32CubeIDE_1.7.0/STM32CubeIDE/plugins/com.st.stm32cube.ide.mcu.externaltools.gnu-tools-for-stm32.12.3.rel1.win32_1.0.100.202403111256/tools/bin/../lib/gcc/arm-none-eabi/12.3.1/../../../../arm-none-eabi/lib/thumb/v7e-m+fp/hard\libc_nano.a(libc_a-lock.o)
                0x0800c334                __retarget_lock_init_recursive
 .text.__retarget_lock_acquire_recursive
                0x0800c336        0x2 C:/ST/STM32CubeIDE_1.7.0/STM32CubeIDE/plugins/com.st.stm32cube.ide.mcu.externaltools.gnu-tools-for-stm32.12.3.rel1.win32_1.0.100.202403111256/tools/bin/../lib/gcc/arm-none-eabi/12.3.1/../../../../arm-none-eabi/lib/thumb/v7e-m+fp/hard\libc_nano.a(libc_a-lock.o)
                0x0800c336                __retarget_lock_acquire_recursive
 .text.__retarget_lock_release_recursive
                0x0800c338        0x2 C:/ST/STM32CubeIDE_1.7.0/STM32CubeIDE/plugins/com.st.stm32cube.ide.mcu.externaltools.gnu-tools-for-stm32.12.3.rel1.win32_1.0.100.202403111256/tools/bin/../lib/gcc/arm-none-eabi/12.3.1/../../../../arm-none-eabi/lib/thumb/v7e-m+fp/hard\libc_nano.a(libc_a-lock.o)
                0x0800c338                __retarget_lock_release_recursive
 *fill*         0x0800c33a        0x2 
 .text.__assert_func
                0x0800c33c       0x3c C:/ST/STM32CubeIDE_1.7.0/STM32CubeIDE/plugins/com.st.stm32cube.ide.mcu.externaltools.gnu-tools-for-stm32.12.3.rel1.win32_1.0.100.202403111256/tools/bin/../lib/gcc/arm-none-eabi/12.3.1/../../../../arm-none-eabi/lib/thumb/v7e-m+fp/hard\libc_nano.a(libc_a-assert.o)
                0x0800c33c                __assert_func
 .text._free_r  0x0800c378       0x94 C:/ST/STM32CubeIDE_1.7.0/STM32CubeIDE/plugins/com.st.stm32cube.ide.mcu.externaltools.gnu-tools-for-stm32.12.3.rel1.win32_1.0.100.202403111256/tools/bin/../lib/gcc/arm-none-eabi/12.3.1/../../../../arm-none-eabi/lib/thumb/v7e-m+fp/hard\libc_nano.a(libc_a-freer.o)
                0x0800c378                _free_r
 .text.__ssputs_r
                0x0800c40c       0xb6 C:/ST/STM32CubeIDE_1.7.0/STM32CubeIDE/plugins/com.st.stm32cube.ide.mcu.externaltools.gnu-tools-for-stm32.12.3.rel1.win32_1.0.100.202403111256/tools/bin/../lib/gcc/arm-none-eabi/12.3.1/../../../../arm-none-eabi/lib/thumb/v7e-m+fp/hard\libc_nano.a(libc_a-nano-svfprintf.o)
                0x0800c40c                __ssputs_r
 *fill*         0x0800c4c2        0x2 
 .text._svfprintf_r
                0x0800c4c4      0x1f8 C:/ST/STM32CubeIDE_1.7.0/STM32CubeIDE/plugins/com.st.stm32cube.ide.mcu.externaltools.gnu-tools-for-stm32.12.3.rel1.win32_1.0.100.202403111256/tools/bin/../lib/gcc/arm-none-eabi/12.3.1/../../../../arm-none-eabi/lib/thumb/v7e-m+fp/hard\libc_nano.a(libc_a-nano-svfprintf.o)
                0x0800c4c4                _svfiprintf_r
                0x0800c4c4                _svfprintf_r
 .text._printf_common
                0x0800c6bc       0xda C:/ST/STM32CubeIDE_1.7.0/STM32CubeIDE/plugins/com.st.stm32cube.ide.mcu.externaltools.gnu-tools-for-stm32.12.3.rel1.win32_1.0.100.202403111256/tools/bin/../lib/gcc/arm-none-eabi/12.3.1/../../../../arm-none-eabi/lib/thumb/v7e-m+fp/hard\libc_nano.a(libc_a-nano-vfprintf_i.o)
                0x0800c6bc                _printf_common
 *fill*         0x0800c796        0x2 
 .text._printf_i
                0x0800c798      0x240 C:/ST/STM32CubeIDE_1.7.0/STM32CubeIDE/plugins/com.st.stm32cube.ide.mcu.externaltools.gnu-tools-for-stm32.12.3.rel1.win32_1.0.100.202403111256/tools/bin/../lib/gcc/arm-none-eabi/12.3.1/../../../../arm-none-eabi/lib/thumb/v7e-m+fp/hard\libc_nano.a(libc_a-nano-vfprintf_i.o)
                0x0800c798                _printf_i
 .text.__sflush_r
                0x0800c9d8      0x108 C:/ST/STM32CubeIDE_1.7.0/STM32CubeIDE/plugins/com.st.stm32cube.ide.mcu.externaltools.gnu-tools-for-stm32.12.3.rel1.win32_1.0.100.202403111256/tools/bin/../lib/gcc/arm-none-eabi/12.3.1/../../../../arm-none-eabi/lib/thumb/v7e-m+fp/hard\libc_nano.a(libc_a-fflush.o)
                0x0800c9d8                __sflush_r
 .text._fflush_r
                0x0800cae0       0x50 C:/ST/STM32CubeIDE_1.7.0/STM32CubeIDE/plugins/com.st.stm32cube.ide.mcu.externaltools.gnu-tools-for-stm32.12.3.rel1.win32_1.0.100.202403111256/tools/bin/../lib/gcc/arm-none-eabi/12.3.1/../../../../arm-none-eabi/lib/thumb/v7e-m+fp/hard\libc_nano.a(libc_a-fflush.o)
                0x0800cae0                _fflush_r
 .text.fprintf  0x0800cb30       0x24 C:/ST/STM32CubeIDE_1.7.0/STM32CubeIDE/plugins/com.st.stm32cube.ide.mcu.externaltools.gnu-tools-for-stm32.12.3.rel1.win32_1.0.100.202403111256/tools/bin/../lib/gcc/arm-none-eabi/12.3.1/../../../../arm-none-eabi/lib/thumb/v7e-m+fp/hard\libc_nano.a(libc_a-fprintf.o)
                0x0800cb30                fiprintf
                0x0800cb30                fprintf
 .text.memmove  0x0800cb54       0x34 C:/ST/STM32CubeIDE_1.7.0/STM32CubeIDE/plugins/com.st.stm32cube.ide.mcu.externaltools.gnu-tools-for-stm32.12.3.rel1.win32_1.0.100.202403111256/tools/bin/../lib/gcc/arm-none-eabi/12.3.1/../../../../arm-none-eabi/lib/thumb/v7e-m+fp/hard\libc_nano.a(libc_a-memmove.o)
                0x0800cb54                memmove
 .text.memcpy   0x0800cb88       0x1c C:/ST/STM32CubeIDE_1.7.0/STM32CubeIDE/plugins/com.st.stm32cube.ide.mcu.externaltools.gnu-tools-for-stm32.12.3.rel1.win32_1.0.100.202403111256/tools/bin/../lib/gcc/arm-none-eabi/12.3.1/../../../../arm-none-eabi/lib/thumb/v7e-m+fp/hard\libc_nano.a(libc_a-memcpy-stub.o)
                0x0800cb88                memcpy
 .text.abort    0x0800cba4        0xe C:/ST/STM32CubeIDE_1.7.0/STM32CubeIDE/plugins/com.st.stm32cube.ide.mcu.externaltools.gnu-tools-for-stm32.12.3.rel1.win32_1.0.100.202403111256/tools/bin/../lib/gcc/arm-none-eabi/12.3.1/../../../../arm-none-eabi/lib/thumb/v7e-m+fp/hard\libc_nano.a(libc_a-abort.o)
                0x0800cba4                abort
 .text._realloc_r
                0x0800cbb2       0x5c C:/ST/STM32CubeIDE_1.7.0/STM32CubeIDE/plugins/com.st.stm32cube.ide.mcu.externaltools.gnu-tools-for-stm32.12.3.rel1.win32_1.0.100.202403111256/tools/bin/../lib/gcc/arm-none-eabi/12.3.1/../../../../arm-none-eabi/lib/thumb/v7e-m+fp/hard\libc_nano.a(libc_a-reallocr.o)
                0x0800cbb2                _realloc_r
 .text.__sfputc_r
                0x0800cc0e       0x2e C:/ST/STM32CubeIDE_1.7.0/STM32CubeIDE/plugins/com.st.stm32cube.ide.mcu.externaltools.gnu-tools-for-stm32.12.3.rel1.win32_1.0.100.202403111256/tools/bin/../lib/gcc/arm-none-eabi/12.3.1/../../../../arm-none-eabi/lib/thumb/v7e-m+fp/hard\libc_nano.a(libc_a-nano-vfprintf.o)
 .text.__sfputs_r
                0x0800cc3c       0x24 C:/ST/STM32CubeIDE_1.7.0/STM32CubeIDE/plugins/com.st.stm32cube.ide.mcu.externaltools.gnu-tools-for-stm32.12.3.rel1.win32_1.0.100.202403111256/tools/bin/../lib/gcc/arm-none-eabi/12.3.1/../../../../arm-none-eabi/lib/thumb/v7e-m+fp/hard\libc_nano.a(libc_a-nano-vfprintf.o)
                0x0800cc3c                __sfputs_r
 .text._vfprintf_r
                0x0800cc60      0x230 C:/ST/STM32CubeIDE_1.7.0/STM32CubeIDE/plugins/com.st.stm32cube.ide.mcu.externaltools.gnu-tools-for-stm32.12.3.rel1.win32_1.0.100.202403111256/tools/bin/../lib/gcc/arm-none-eabi/12.3.1/../../../../arm-none-eabi/lib/thumb/v7e-m+fp/hard\libc_nano.a(libc_a-nano-vfprintf.o)
                0x0800cc60                _vfprintf_r
                0x0800cc60                _vfiprintf_r
 .text.__swbuf_r
                0x0800ce90       0x7c C:/ST/STM32CubeIDE_1.7.0/STM32CubeIDE/plugins/com.st.stm32cube.ide.mcu.externaltools.gnu-tools-for-stm32.12.3.rel1.win32_1.0.100.202403111256/tools/bin/../lib/gcc/arm-none-eabi/12.3.1/../../../../arm-none-eabi/lib/thumb/v7e-m+fp/hard\libc_nano.a(libc_a-wbuf.o)
                0x0800ce90                __swbuf_r
 .text.__swsetup_r
                0x0800cf0c       0xac C:/ST/STM32CubeIDE_1.7.0/STM32CubeIDE/plugins/com.st.stm32cube.ide.mcu.externaltools.gnu-tools-for-stm32.12.3.rel1.win32_1.0.100.202403111256/tools/bin/../lib/gcc/arm-none-eabi/12.3.1/../../../../arm-none-eabi/lib/thumb/v7e-m+fp/hard\libc_nano.a(libc_a-wsetup.o)
                0x0800cf0c                __swsetup_r
 .text._raise_r
                0x0800cfb8       0x50 C:/ST/STM32CubeIDE_1.7.0/STM32CubeIDE/plugins/com.st.stm32cube.ide.mcu.externaltools.gnu-tools-for-stm32.12.3.rel1.win32_1.0.100.202403111256/tools/bin/../lib/gcc/arm-none-eabi/12.3.1/../../../../arm-none-eabi/lib/thumb/v7e-m+fp/hard\libc_nano.a(libc_a-signal.o)
                0x0800cfb8                _raise_r
 .text.raise    0x0800d008       0x10 C:/ST/STM32CubeIDE_1.7.0/STM32CubeIDE/plugins/com.st.stm32cube.ide.mcu.externaltools.gnu-tools-for-stm32.12.3.rel1.win32_1.0.100.202403111256/tools/bin/../lib/gcc/arm-none-eabi/12.3.1/../../../../arm-none-eabi/lib/thumb/v7e-m+fp/hard\libc_nano.a(libc_a-signal.o)
                0x0800d008                raise
 .text._kill_r  0x0800d018       0x24 C:/ST/STM32CubeIDE_1.7.0/STM32CubeIDE/plugins/com.st.stm32cube.ide.mcu.externaltools.gnu-tools-for-stm32.12.3.rel1.win32_1.0.100.202403111256/tools/bin/../lib/gcc/arm-none-eabi/12.3.1/../../../../arm-none-eabi/lib/thumb/v7e-m+fp/hard\libc_nano.a(libc_a-signalr.o)
                0x0800d018                _kill_r
 .text._getpid_r
                0x0800d03c        0x4 C:/ST/STM32CubeIDE_1.7.0/STM32CubeIDE/plugins/com.st.stm32cube.ide.mcu.externaltools.gnu-tools-for-stm32.12.3.rel1.win32_1.0.100.202403111256/tools/bin/../lib/gcc/arm-none-eabi/12.3.1/../../../../arm-none-eabi/lib/thumb/v7e-m+fp/hard\libc_nano.a(libc_a-signalr.o)
                0x0800d03c                _getpid_r
 .text._malloc_usable_size_r
                0x0800d040       0x10 C:/ST/STM32CubeIDE_1.7.0/STM32CubeIDE/plugins/com.st.stm32cube.ide.mcu.externaltools.gnu-tools-for-stm32.12.3.rel1.win32_1.0.100.202403111256/tools/bin/../lib/gcc/arm-none-eabi/12.3.1/../../../../arm-none-eabi/lib/thumb/v7e-m+fp/hard\libc_nano.a(libc_a-msizer.o)
                0x0800d040                _malloc_usable_size_r
 .text.__swhatbuf_r
                0x0800d050       0x4c C:/ST/STM32CubeIDE_1.7.0/STM32CubeIDE/plugins/com.st.stm32cube.ide.mcu.externaltools.gnu-tools-for-stm32.12.3.rel1.win32_1.0.100.202403111256/tools/bin/../lib/gcc/arm-none-eabi/12.3.1/../../../../arm-none-eabi/lib/thumb/v7e-m+fp/hard\libc_nano.a(libc_a-makebuf.o)
                0x0800d050                __swhatbuf_r
 .text.__smakebuf_r
                0x0800d09c       0x78 C:/ST/STM32CubeIDE_1.7.0/STM32CubeIDE/plugins/com.st.stm32cube.ide.mcu.externaltools.gnu-tools-for-stm32.12.3.rel1.win32_1.0.100.202403111256/tools/bin/../lib/gcc/arm-none-eabi/12.3.1/../../../../arm-none-eabi/lib/thumb/v7e-m+fp/hard\libc_nano.a(libc_a-makebuf.o)
                0x0800d09c                __smakebuf_r
 .text._fstat_r
                0x0800d114       0x24 C:/ST/STM32CubeIDE_1.7.0/STM32CubeIDE/plugins/com.st.stm32cube.ide.mcu.externaltools.gnu-tools-for-stm32.12.3.rel1.win32_1.0.100.202403111256/tools/bin/../lib/gcc/arm-none-eabi/12.3.1/../../../../arm-none-eabi/lib/thumb/v7e-m+fp/hard\libc_nano.a(libc_a-fstatr.o)
                0x0800d114                _fstat_r
 .text._isatty_r
                0x0800d138       0x20 C:/ST/STM32CubeIDE_1.7.0/STM32CubeIDE/plugins/com.st.stm32cube.ide.mcu.externaltools.gnu-tools-for-stm32.12.3.rel1.win32_1.0.100.202403111256/tools/bin/../lib/gcc/arm-none-eabi/12.3.1/../../../../arm-none-eabi/lib/thumb/v7e-m+fp/hard\libc_nano.a(libc_a-isattyr.o)
                0x0800d138                _isatty_r
 .text.sqrt     0x0800d158       0x58 C:/ST/STM32CubeIDE_1.7.0/STM32CubeIDE/plugins/com.st.stm32cube.ide.mcu.externaltools.gnu-tools-for-stm32.12.3.rel1.win32_1.0.100.202403111256/tools/bin/../lib/gcc/arm-none-eabi/12.3.1/../../../../arm-none-eabi/lib/thumb/v7e-m+fp/hard\libm.a(libm_a-w_sqrt.o)
                0x0800d158                sqrt
 .text.__ieee754_sqrt
                0x0800d1b0      0x1b4 C:/ST/STM32CubeIDE_1.7.0/STM32CubeIDE/plugins/com.st.stm32cube.ide.mcu.externaltools.gnu-tools-for-stm32.12.3.rel1.win32_1.0.100.202403111256/tools/bin/../lib/gcc/arm-none-eabi/12.3.1/../../../../arm-none-eabi/lib/thumb/v7e-m+fp/hard\libm.a(libm_a-e_sqrt.o)
                0x0800d1b0                __ieee754_sqrt
 *(.glue_7)
 .glue_7        0x0800d364        0x0 linker stubs
 *(.glue_7t)
 .glue_7t       0x0800d364        0x0 linker stubs
 *(.eh_frame)
 .eh_frame      0x0800d364        0x0 C:/ST/STM32CubeIDE_1.7.0/STM32CubeIDE/plugins/com.st.stm32cube.ide.mcu.externaltools.gnu-tools-for-stm32.12.3.rel1.win32_1.0.100.202403111256/tools/bin/../lib/gcc/arm-none-eabi/12.3.1/thumb/v7e-m+fp/hard/crtbegin.o
 *(.init)
 .init          0x0800d364        0x4 C:/ST/STM32CubeIDE_1.7.0/STM32CubeIDE/plugins/com.st.stm32cube.ide.mcu.externaltools.gnu-tools-for-stm32.12.3.rel1.win32_1.0.100.202403111256/tools/bin/../lib/gcc/arm-none-eabi/12.3.1/thumb/v7e-m+fp/hard/crti.o
                0x0800d364                _init
 .init          0x0800d368        0x8 C:/ST/STM32CubeIDE_1.7.0/STM32CubeIDE/plugins/com.st.stm32cube.ide.mcu.externaltools.gnu-tools-for-stm32.12.3.rel1.win32_1.0.100.202403111256/tools/bin/../lib/gcc/arm-none-eabi/12.3.1/thumb/v7e-m+fp/hard/crtn.o
 *(.fini)
 .fini          0x0800d370        0x4 C:/ST/STM32CubeIDE_1.7.0/STM32CubeIDE/plugins/com.st.stm32cube.ide.mcu.externaltools.gnu-tools-for-stm32.12.3.rel1.win32_1.0.100.202403111256/tools/bin/../lib/gcc/arm-none-eabi/12.3.1/thumb/v7e-m+fp/hard/crti.o
                0x0800d370                _fini
 .fini          0x0800d374        0x8 C:/ST/STM32CubeIDE_1.7.0/STM32CubeIDE/plugins/com.st.stm32cube.ide.mcu.externaltools.gnu-tools-for-stm32.12.3.rel1.win32_1.0.100.202403111256/tools/bin/../lib/gcc/arm-none-eabi/12.3.1/thumb/v7e-m+fp/hard/crtn.o
                0x0800d37c                        . = ALIGN (0x4)
                0x0800d37c                        _etext = .

.vfp11_veneer   0x0800d37c        0x0
 .vfp11_veneer  0x0800d37c        0x0 linker stubs

.v4_bx          0x0800d37c        0x0
 .v4_bx         0x0800d37c        0x0 linker stubs

.iplt           0x0800d37c        0x0
 .iplt          0x0800d37c        0x0 C:/ST/STM32CubeIDE_1.7.0/STM32CubeIDE/plugins/com.st.stm32cube.ide.mcu.externaltools.gnu-tools-for-stm32.12.3.rel1.win32_1.0.100.202403111256/tools/bin/../lib/gcc/arm-none-eabi/12.3.1/thumb/v7e-m+fp/hard/crtbegin.o

.rodata         0x0800d37c     0x3400
                0x0800d37c                        . = ALIGN (0x4)
 *(.rodata)
 .rodata        0x0800d37c       0xf4 ./Core/Src/fsm.o
 .rodata        0x0800d470       0xfe ./Core/Src/main.o
 *fill*         0x0800d56e        0x2 
 .rodata        0x0800d570       0x96 ./Core/Src/screen.o
 *fill*         0x0800d606        0x2 
 .rodata        0x0800d608       0xe0 ./Core/Src/touch.o
 .rodata        0x0800d6e8       0x12 ./Core/Src/uart.o
 *(.rodata*)
 *fill*         0x0800d6fa        0x2 
 .rodata.ascii_1608
                0x0800d6fc      0x5f0 ./Core/Src/lcd.o
                0x0800d6fc                ascii_1608
 .rodata.ascii_2412
                0x0800dcec     0x11d0 ./Core/Src/lcd.o
                0x0800dcec                ascii_2412
 .rodata.ascii_3216
                0x0800eebc     0x17c0 ./Core/Src/lcd.o
                0x0800eebc                ascii_3216
 .rodata.AHBPrescTable
                0x0801067c       0x10 ./Core/Src/system_stm32f4xx.o
                0x0801067c                AHBPrescTable
 .rodata.APBPrescTable
                0x0801068c        0x8 ./Core/Src/system_stm32f4xx.o
                0x0801068c                APBPrescTable
 .rodata.flagBitshiftOffset.0
                0x08010694        0x8 ./Drivers/STM32F4xx_HAL_Driver/Src/stm32f4xx_hal_dma.o
 .rodata.srand.str1.1
                0x0801069c       0x6f C:/ST/STM32CubeIDE_1.7.0/STM32CubeIDE/plugins/com.st.stm32cube.ide.mcu.externaltools.gnu-tools-for-stm32.12.3.rel1.win32_1.0.100.202403111256/tools/bin/../lib/gcc/arm-none-eabi/12.3.1/../../../../arm-none-eabi/lib/thumb/v7e-m+fp/hard\libc_nano.a(libc_a-rand.o)
 .rodata.__assert_func.str1.1
                0x0801070b       0x3c C:/ST/STM32CubeIDE_1.7.0/STM32CubeIDE/plugins/com.st.stm32cube.ide.mcu.externaltools.gnu-tools-for-stm32.12.3.rel1.win32_1.0.100.202403111256/tools/bin/../lib/gcc/arm-none-eabi/12.3.1/../../../../arm-none-eabi/lib/thumb/v7e-m+fp/hard\libc_nano.a(libc_a-assert.o)
                                 0x3d (size before relaxing)
 .rodata._svfprintf_r.str1.1
                0x08010747       0x11 C:/ST/STM32CubeIDE_1.7.0/STM32CubeIDE/plugins/com.st.stm32cube.ide.mcu.externaltools.gnu-tools-for-stm32.12.3.rel1.win32_1.0.100.202403111256/tools/bin/../lib/gcc/arm-none-eabi/12.3.1/../../../../arm-none-eabi/lib/thumb/v7e-m+fp/hard\libc_nano.a(libc_a-nano-svfprintf.o)
 .rodata._printf_i.str1.1
                0x08010758       0x22 C:/ST/STM32CubeIDE_1.7.0/STM32CubeIDE/plugins/com.st.stm32cube.ide.mcu.externaltools.gnu-tools-for-stm32.12.3.rel1.win32_1.0.100.202403111256/tools/bin/../lib/gcc/arm-none-eabi/12.3.1/../../../../arm-none-eabi/lib/thumb/v7e-m+fp/hard\libc_nano.a(libc_a-nano-vfprintf_i.o)
 .rodata._vfprintf_r.str1.1
                0x0801077a       0x11 C:/ST/STM32CubeIDE_1.7.0/STM32CubeIDE/plugins/com.st.stm32cube.ide.mcu.externaltools.gnu-tools-for-stm32.12.3.rel1.win32_1.0.100.202403111256/tools/bin/../lib/gcc/arm-none-eabi/12.3.1/../../../../arm-none-eabi/lib/thumb/v7e-m+fp/hard\libc_nano.a(libc_a-nano-vfprintf.o)
                0x0801078c                        . = ALIGN (0x4)
 *fill*         0x0801077a        0x2 

.ARM.extab      0x0801077c        0x0
                0x0801077c                        . = ALIGN (0x4)
 *(.ARM.extab* .gnu.linkonce.armextab.*)
                0x0801077c                        . = ALIGN (0x4)

.ARM            0x0801077c        0x8
                0x0801077c                        . = ALIGN (0x4)
                0x0801077c                        __exidx_start = .
 *(.ARM.exidx*)
 .ARM.exidx     0x0801077c        0x8 C:/ST/STM32CubeIDE_1.7.0/STM32CubeIDE/plugins/com.st.stm32cube.ide.mcu.externaltools.gnu-tools-for-stm32.12.3.rel1.win32_1.0.100.202403111256/tools/bin/../lib/gcc/arm-none-eabi/12.3.1/../../../../arm-none-eabi/lib/thumb/v7e-m+fp/hard\libc_nano.a(libc_a-memchr.o)
 .ARM.exidx     0x08010784        0x0 C:/ST/STM32CubeIDE_1.7.0/STM32CubeIDE/plugins/com.st.stm32cube.ide.mcu.externaltools.gnu-tools-for-stm32.12.3.rel1.win32_1.0.100.202403111256/tools/bin/../lib/gcc/arm-none-eabi/12.3.1/thumb/v7e-m+fp/hard\libgcc.a(_udivmoddi4.o)
                                  0x8 (size before relaxing)
                0x08010784                        __exidx_end = .
                0x08010784                        . = ALIGN (0x4)

.rel.dyn        0x08010784        0x0
 .rel.iplt      0x08010784        0x0 C:/ST/STM32CubeIDE_1.7.0/STM32CubeIDE/plugins/com.st.stm32cube.ide.mcu.externaltools.gnu-tools-for-stm32.12.3.rel1.win32_1.0.100.202403111256/tools/bin/../lib/gcc/arm-none-eabi/12.3.1/thumb/v7e-m+fp/hard/crtbegin.o

.preinit_array  0x08010784        0x0
                0x08010784                        . = ALIGN (0x4)
                0x08010784                        PROVIDE (__preinit_array_start = .)
 *(.preinit_array*)
                0x08010784                        PROVIDE (__preinit_array_end = .)
                0x08010784                        . = ALIGN (0x4)

.init_array     0x08010784        0x4
                0x08010784                        . = ALIGN (0x4)
                0x08010784                        PROVIDE (__init_array_start = .)
 *(SORT_BY_NAME(.init_array.*))
 *(.init_array*)
 .init_array    0x08010784        0x4 C:/ST/STM32CubeIDE_1.7.0/STM32CubeIDE/plugins/com.st.stm32cube.ide.mcu.externaltools.gnu-tools-for-stm32.12.3.rel1.win32_1.0.100.202403111256/tools/bin/../lib/gcc/arm-none-eabi/12.3.1/thumb/v7e-m+fp/hard/crtbegin.o
                0x08010788                        PROVIDE (__init_array_end = .)
                0x08010788                        . = ALIGN (0x4)

.fini_array     0x08010788        0x4
                0x08010788                        . = ALIGN (0x4)
                [!provide]                        PROVIDE (__fini_array_start = .)
 *(SORT_BY_NAME(.fini_array.*))
 *(.fini_array*)
 .fini_array    0x08010788        0x4 C:/ST/STM32CubeIDE_1.7.0/STM32CubeIDE/plugins/com.st.stm32cube.ide.mcu.externaltools.gnu-tools-for-stm32.12.3.rel1.win32_1.0.100.202403111256/tools/bin/../lib/gcc/arm-none-eabi/12.3.1/thumb/v7e-m+fp/hard/crtbegin.o
                [!provide]                        PROVIDE (__fini_array_end = .)
                0x0801078c                        . = ALIGN (0x4)
                0x0801078c                        _sidata = LOADADDR (.data)

.data           0x20000000       0xe8 load address 0x0801078c
                0x20000000                        . = ALIGN (0x4)
                0x20000000                        _sdata = .
 *(.data)
 *(.data*)
 .data.speed    0x20000000        0x4 ./Core/Src/fsm.o
                0x20000000                speed
 .data.sec      0x20000004        0x1 ./Core/Src/fsm.o
                0x20000004                sec
 *fill*         0x20000005        0x3 
 .data.countdown
                0x20000008        0x4 ./Core/Src/fsm.o
                0x20000008                countdown
 .data.led7seg  0x2000000c        0x4 ./Core/Src/led_7seg.o
                0x2000000c                led7seg
 .data.arrayOfNum
                0x20000010        0xa ./Core/Src/led_7seg.o
                0x20000010                arrayOfNum
 .data.spi_buffer
                0x2000001a        0x2 ./Core/Src/led_7seg.o
                0x2000001a                spi_buffer
 .data.size_of_snake
                0x2000001c        0x4 ./Core/Src/snake.o
                0x2000001c                size_of_snake
 .data.snake_speed
                0x20000020        0x8 ./Core/Src/snake.o
                0x20000020                snake_speed
 .data.sw_up    0x20000028        0x4 ./Core/Src/snake.o
                0x20000028                sw_up
 .data.sw_down  0x2000002c        0x4 ./Core/Src/snake.o
                0x2000002c                sw_down
 .data.sw_right
                0x20000030        0x4 ./Core/Src/snake.o
                0x20000030                sw_right
 .data.sw_left  0x20000034        0x4 ./Core/Src/snake.o
                0x20000034                sw_left
 .data.SystemCoreClock
                0x20000038        0x4 ./Core/Src/system_stm32f4xx.o
                0x20000038                SystemCoreClock
 .data.tp_dev   0x2000003c       0x34 ./Core/Src/touch.o
                0x2000003c                tp_dev
 .data.CMD_RDX  0x20000070        0x1 ./Core/Src/touch.o
                0x20000070                CMD_RDX
 .data.CMD_RDY  0x20000071        0x1 ./Core/Src/touch.o
                0x20000071                CMD_RDY
 *fill*         0x20000072        0x2 
 .data.uwTickPrio
                0x20000074        0x4 ./Drivers/STM32F4xx_HAL_Driver/Src/stm32f4xx_hal.o
                0x20000074                uwTickPrio
 .data.uwTickFreq
                0x20000078        0x1 ./Drivers/STM32F4xx_HAL_Driver/Src/stm32f4xx_hal.o
                0x20000078                uwTickFreq
 *fill*         0x20000079        0x3 
 .data.__sglue  0x2000007c        0xc C:/ST/STM32CubeIDE_1.7.0/STM32CubeIDE/plugins/com.st.stm32cube.ide.mcu.externaltools.gnu-tools-for-stm32.12.3.rel1.win32_1.0.100.202403111256/tools/bin/../lib/gcc/arm-none-eabi/12.3.1/../../../../arm-none-eabi/lib/thumb/v7e-m+fp/hard\libc_nano.a(libc_a-findfp.o)
                0x2000007c                __sglue
 .data._impure_ptr
                0x20000088        0x4 C:/ST/STM32CubeIDE_1.7.0/STM32CubeIDE/plugins/com.st.stm32cube.ide.mcu.externaltools.gnu-tools-for-stm32.12.3.rel1.win32_1.0.100.202403111256/tools/bin/../lib/gcc/arm-none-eabi/12.3.1/../../../../arm-none-eabi/lib/thumb/v7e-m+fp/hard\libc_nano.a(libc_a-impure.o)
                0x20000088                _impure_ptr
 .data._impure_data
                0x2000008c       0x4c C:/ST/STM32CubeIDE_1.7.0/STM32CubeIDE/plugins/com.st.stm32cube.ide.mcu.externaltools.gnu-tools-for-stm32.12.3.rel1.win32_1.0.100.202403111256/tools/bin/../lib/gcc/arm-none-eabi/12.3.1/../../../../arm-none-eabi/lib/thumb/v7e-m+fp/hard\libc_nano.a(libc_a-impure.o)
                0x2000008c                _impure_data
 .data.tiny     0x200000d8        0x8 C:/ST/STM32CubeIDE_1.7.0/STM32CubeIDE/plugins/com.st.stm32cube.ide.mcu.externaltools.gnu-tools-for-stm32.12.3.rel1.win32_1.0.100.202403111256/tools/bin/../lib/gcc/arm-none-eabi/12.3.1/../../../../arm-none-eabi/lib/thumb/v7e-m+fp/hard\libm.a(libm_a-e_sqrt.o)
 .data.one      0x200000e0        0x8 C:/ST/STM32CubeIDE_1.7.0/STM32CubeIDE/plugins/com.st.stm32cube.ide.mcu.externaltools.gnu-tools-for-stm32.12.3.rel1.win32_1.0.100.202403111256/tools/bin/../lib/gcc/arm-none-eabi/12.3.1/../../../../arm-none-eabi/lib/thumb/v7e-m+fp/hard\libm.a(libm_a-e_sqrt.o)
 *(.RamFunc)
 *(.RamFunc*)
                0x200000e8                        . = ALIGN (0x4)
                0x200000e8                        _edata = .
                0x08010874                        _siccmram = LOADADDR (.ccmram)

.igot.plt       0x200000e8        0x0 load address 0x08010874
 .igot.plt      0x200000e8        0x0 C:/ST/STM32CubeIDE_1.7.0/STM32CubeIDE/plugins/com.st.stm32cube.ide.mcu.externaltools.gnu-tools-for-stm32.12.3.rel1.win32_1.0.100.202403111256/tools/bin/../lib/gcc/arm-none-eabi/12.3.1/thumb/v7e-m+fp/hard/crtbegin.o

.ccmram         0x10000000        0x0 load address 0x08010874
                0x10000000                        . = ALIGN (0x4)
                0x10000000                        _sccmram = .
 *(.ccmram)
 *(.ccmram*)
                0x10000000                        . = ALIGN (0x4)
                0x10000000                        _eccmram = .
                0x10000000                        . = ALIGN (0x4)

.bss            0x200000e8      0xed0
                0x200000e8                        _sbss = .
                0x200000e8                        __bss_start__ = _sbss
 *(.bss)
 .bss           0x200000e8       0x1c C:/ST/STM32CubeIDE_1.7.0/STM32CubeIDE/plugins/com.st.stm32cube.ide.mcu.externaltools.gnu-tools-for-stm32.12.3.rel1.win32_1.0.100.202403111256/tools/bin/../lib/gcc/arm-none-eabi/12.3.1/thumb/v7e-m+fp/hard/crtbegin.o
 *(.bss*)
 .bss.hadc1     0x20000104       0x48 ./Core/Src/adc.o
                0x20000104                hadc1
 .bss.hdma_adc1
                0x2000014c       0x60 ./Core/Src/adc.o
                0x2000014c                hdma_adc1
 .bss.button_count
                0x200001ac       0x20 ./Core/Src/button.o
                0x200001ac                button_count
 .bss.spi_button
                0x200001cc        0x2 ./Core/Src/button.o
                0x200001cc                spi_button
 .bss.duty_cycle
                0x200001ce        0x1 ./Core/Src/buzzer.o
                0x200001ce                duty_cycle
 *fill*         0x200001cf        0x1 
 .bss.status    0x200001d0        0x4 ./Core/Src/fsm.o
                0x200001d0                status
 .bss.ID        0x200001d4        0x4 ./Core/Src/fsm.o
                0x200001d4                ID
 .bss.mode      0x200001d8        0x4 ./Core/Src/fsm.o
                0x200001d8                mode
 .bss.count     0x200001dc        0x4 ./Core/Src/fsm.o
                0x200001dc                count
 .bss.wall      0x200001e0        0x4 ./Core/Src/fsm.o
                0x200001e0                wall
 .bss.walls     0x200001e4        0x4 ./Core/Src/fsm.o
                0x200001e4                walls
 .bss.timer     0x200001e8        0x4 ./Core/Src/fsm.o
                0x200001e8                timer
 .bss.buzzer_flag
                0x200001ec        0x4 ./Core/Src/fsm.o
                0x200001ec                buzzer_flag
 .bss.buzzer_check
                0x200001f0        0x4 ./Core/Src/fsm.o
                0x200001f0                buzzer_check
 .bss.colon     0x200001f4        0x4 ./Core/Src/fsm.o
                0x200001f4                colon
 .bss.send_flag
                0x200001f8        0x4 ./Core/Src/fsm.o
                0x200001f8                send_flag
 .bss.leaderboard
                0x200001fc        0x4 ./Core/Src/fsm.o
                0x200001fc                leaderboard
 .bss.hsram1    0x20000200       0x50 ./Core/Src/fsmc.o
                0x20000200                hsram1
 .bss.FSMC_Initialized
                0x20000250        0x4 ./Core/Src/fsmc.o
 .bss.hi2c1     0x20000254       0x54 ./Core/Src/i2c.o
                0x20000254                hi2c1
 .bss.lcddev    0x200002a8        0x6 ./Core/Src/lcd.o
                0x200002a8                lcddev
 *fill*         0x200002ae        0x2 
 .bss.led7_index
                0x200002b0        0x4 ./Core/Src/led_7seg.o
                0x200002b0                led7_index
 .bss.count_led_debug
                0x200002b4        0x1 ./Core/Src/main.o
                0x200002b4                count_led_debug
 *fill*         0x200002b5        0x3 
 .bss.adc_receive
                0x200002b8        0xa ./Core/Src/sensor.o
                0x200002b8                adc_receive
 *fill*         0x200002c2        0x2 
 .bss.draw_grid
                0x200002c4      0x780 ./Core/Src/snake.o
                0x200002c4                draw_grid
 .bss.snake_pos
                0x20000a44       0xc0 ./Core/Src/snake.o
                0x20000a44                snake_pos
 .bss.old_poshx
                0x20000b04        0x4 ./Core/Src/snake.o
                0x20000b04                old_poshx
 .bss.old_poshy
                0x20000b08        0x4 ./Core/Src/snake.o
                0x20000b08                old_poshy
 .bss.pos_head  0x20000b0c        0x8 ./Core/Src/snake.o
                0x20000b0c                pos_head
 .bss.score     0x20000b14        0x1 ./Core/Src/snake.o
                0x20000b14                score
 *fill*         0x20000b15        0x3 
 .bss.lose      0x20000b18        0x4 ./Core/Src/snake.o
                0x20000b18                lose
 .bss.flag_timer2
                0x20000b1c        0x2 ./Core/Src/software_timer.o
                0x20000b1c                flag_timer2
 .bss.timer2_counter
                0x20000b1e        0x2 ./Core/Src/software_timer.o
                0x20000b1e                timer2_counter
 .bss.timer2_MUL
                0x20000b20        0x2 ./Core/Src/software_timer.o
                0x20000b20                timer2_MUL
 .bss.flag_timer3
                0x20000b22        0x2 ./Core/Src/software_timer.o
                0x20000b22                flag_timer3
 .bss.timer3_counter
                0x20000b24        0x2 ./Core/Src/software_timer.o
                0x20000b24                timer3_counter
 .bss.timer3_MUL
                0x20000b26        0x2 ./Core/Src/software_timer.o
                0x20000b26                timer3_MUL
 .bss.flag_timer4
                0x20000b28        0x2 ./Core/Src/software_timer.o
                0x20000b28                flag_timer4
 .bss.timer4_counter
                0x20000b2a        0x2 ./Core/Src/software_timer.o
                0x20000b2a                timer4_counter
 .bss.timer4_MUL
                0x20000b2c        0x2 ./Core/Src/software_timer.o
                0x20000b2c                timer4_MUL
 .bss.flag_timer5
                0x20000b2e        0x2 ./Core/Src/software_timer.o
                0x20000b2e                flag_timer5
 .bss.timer5_counter
                0x20000b30        0x2 ./Core/Src/software_timer.o
                0x20000b30                timer5_counter
 .bss.timer5_MUL
                0x20000b32        0x2 ./Core/Src/software_timer.o
                0x20000b32                timer5_MUL
 .bss.flag_timer6
                0x20000b34        0x2 ./Core/Src/software_timer.o
                0x20000b34                flag_timer6
 .bss.timer6_counter
                0x20000b36        0x2 ./Core/Src/software_timer.o
                0x20000b36                timer6_counter
 .bss.timer6_MUL
                0x20000b38        0x2 ./Core/Src/software_timer.o
                0x20000b38                timer6_MUL
 .bss.flag_timer7
                0x20000b3a        0x2 ./Core/Src/software_timer.o
                0x20000b3a                flag_timer7
 .bss.timer7_counter
                0x20000b3c        0x2 ./Core/Src/software_timer.o
                0x20000b3c                timer7_counter
 .bss.timer7_MUL
                0x20000b3e        0x2 ./Core/Src/software_timer.o
                0x20000b3e                timer7_MUL
 .bss.hspi1     0x20000b40       0x58 ./Core/Src/spi.o
                0x20000b40                hspi1
 .bss.__sbrk_heap_end
                0x20000b98        0x4 ./Core/Src/sysmem.o
 .bss.htim1     0x20000b9c       0x48 ./Core/Src/tim.o
                0x20000b9c                htim1
 .bss.htim2     0x20000be4       0x48 ./Core/Src/tim.o
                0x20000be4                htim2
 .bss.htim13    0x20000c2c       0x48 ./Core/Src/tim.o
                0x20000c2c                htim13
 .bss.receive_buffer1
                0x20000c74        0x1 ./Core/Src/uart.o
                0x20000c74                receive_buffer1
 .bss.receive_buffer2
                0x20000c75        0x1 ./Core/Src/uart.o
                0x20000c75                receive_buffer2
 *fill*         0x20000c76        0x2 
 .bss.msg       0x20000c78       0x64 ./Core/Src/uart.o
                0x20000c78                msg