../Core/Src/uart.c:18:6:uart_init_rs232	8	static
../Core/Src/uart.c:22:6:uart_Rs232SendString	16	static
../Core/Src/uart.c:26:6:uart_Rs232SendBytes	16	static
../Core/Src/uart.c:30:6:uart_Rs232SendNum	24	static
../Core/Src/uart.c:55:6:uart_Rs232SendNumPercent	16	static
../Core/Src/uart.c:64:6:uart_init_esp	8	static
../Core/Src/uart.c:68:6:uart_EspSendBytes	16	static
../Core/Src/uart.c:72:6:uart_EspSendString	16	static
../Core/Src/uart.c:76:6:uart_EspSendNum	24	static
../Core/Src/uart.c:101:6:HAL_UART_RxCpltCallback	16	static
